Archive member included to satisfy reference by file (symbol)

../../DaisyExamples/libDaisy/build\libdaisy.a(daisy_seed.o)
                              build/BassPedal.o (daisy::DaisySeed::Configure())
../../DaisyExamples/libDaisy/build\libdaisy.a(codec_ak4556.o)
                              ../../DaisyExamples/libDaisy/build\libdaisy.a(daisy_seed.o) (daisy::Ak4556::Init(dsy_gpio_pin))
../../DaisyExamples/libDaisy/build\libdaisy.a(codec_wm8731.o)
                              ../../DaisyExamples/libDaisy/build\libdaisy.a(daisy_seed.o) (daisy::Wm8731::Init(daisy::Wm8731::Config const&, daisy::I2CHandle))
../../DaisyExamples/libDaisy/build\libdaisy.a(sdram.o)
                              ../../DaisyExamples/libDaisy/build\libdaisy.a(daisy_seed.o) (SdramHandle::Init())
../../DaisyExamples/libDaisy/build\libdaisy.a(audio.o)
                              ../../DaisyExamples/libDaisy/build\libdaisy.a(daisy_seed.o) (daisy::AudioHandle::Init(daisy::AudioHandle::Config const&, daisy::SaiHandle))
../../DaisyExamples/libDaisy/build\libdaisy.a(led.o)
                              build/BassPedal.o (daisy::Led::Init(dsy_gpio_pin, bool, float))
../../DaisyExamples/libDaisy/build\libdaisy.a(rgb_led.o)
                              build/BassPedal.o (daisy::RgbLed::Init(dsy_gpio_pin, dsy_gpio_pin, dsy_gpio_pin, bool))
../../DaisyExamples/libDaisy/build\libdaisy.a(switch.o)
                              build/BassPedal.o (daisy::Switch::Init(dsy_gpio_pin, float))
../../DaisyExamples/libDaisy/build\libdaisy.a(adc.o)
                              build/BassPedal.o (daisy::AdcChannelConfig::InitSingle(dsy_gpio_pin))
../../DaisyExamples/libDaisy/build\libdaisy.a(gpio.o)
                              ../../DaisyExamples/libDaisy/build\libdaisy.a(daisy_seed.o) (dsy_gpio_init)
../../DaisyExamples/libDaisy/build\libdaisy.a(i2c.o)
                              ../../DaisyExamples/libDaisy/build\libdaisy.a(daisy_seed.o) (daisy::I2CHandle::Init(daisy::I2CHandle::Config const&))
../../DaisyExamples/libDaisy/build\libdaisy.a(qspi.o)
                              ../../DaisyExamples/libDaisy/build\libdaisy.a(daisy_seed.o) (daisy::QSPIHandle::Init(daisy::QSPIHandle::Config const&))
../../DaisyExamples/libDaisy/build\libdaisy.a(sai.o)
                              ../../DaisyExamples/libDaisy/build\libdaisy.a(daisy_seed.o) (daisy::SaiHandle::Init(daisy::SaiHandle::Config const&))
../../DaisyExamples/libDaisy/build\libdaisy.a(system.o)
                              ../../DaisyExamples/libDaisy/build\libdaisy.a(daisy_seed.o) (daisy::System::DeInit())
../../DaisyExamples/libDaisy/build\libdaisy.a(system_stm32h7xx.o)
                              build/startup_stm32h750xx.o (SystemInit)
../../DaisyExamples/libDaisy/build\libdaisy.a(usbd_conf.o)
                              ../../DaisyExamples/libDaisy/build\libdaisy.a(system.o) (hpcd_USB_OTG_HS)
../../DaisyExamples/libDaisy/build\libdaisy.a(usbh_conf.o)
                              ../../DaisyExamples/libDaisy/build\libdaisy.a(system.o) (hhcd_USB_OTG_HS)
../../DaisyExamples/libDaisy/build\libdaisy.a(color.o)
                              build/BassPedal.o (daisy::Color::Init(float, float, float))
../../DaisyExamples/libDaisy/build\libdaisy.a(hal_map.o)
                              ../../DaisyExamples/libDaisy/build\libdaisy.a(gpio.o) (dsy_hal_map_get_port)
../../DaisyExamples/libDaisy/build\libdaisy.a(stm32h7xx_hal.o)
                              ../../DaisyExamples/libDaisy/build\libdaisy.a(system.o) (HAL_Init)
../../DaisyExamples/libDaisy/build\libdaisy.a(stm32h7xx_hal_adc.o)
                              ../../DaisyExamples/libDaisy/build\libdaisy.a(adc.o) (HAL_ADC_ConfigChannel)
../../DaisyExamples/libDaisy/build\libdaisy.a(stm32h7xx_hal_adc_ex.o)
                              ../../DaisyExamples/libDaisy/build\libdaisy.a(adc.o) (HAL_ADCEx_Calibration_Start)
../../DaisyExamples/libDaisy/build\libdaisy.a(stm32h7xx_hal_cortex.o)
                              ../../DaisyExamples/libDaisy/build\libdaisy.a(stm32h7xx_hal.o) (HAL_NVIC_SetPriorityGrouping)
../../DaisyExamples/libDaisy/build\libdaisy.a(stm32h7xx_hal_dma.o)
                              ../../DaisyExamples/libDaisy/build\libdaisy.a(adc.o) (HAL_DMA_Init)
../../DaisyExamples/libDaisy/build\libdaisy.a(stm32h7xx_hal_gpio.o)
                              ../../DaisyExamples/libDaisy/build\libdaisy.a(sdram.o) (HAL_GPIO_Init)
../../DaisyExamples/libDaisy/build\libdaisy.a(stm32h7xx_hal_hcd.o)
                              ../../DaisyExamples/libDaisy/build\libdaisy.a(usbh_conf.o) (HAL_HCD_HC_Init)
../../DaisyExamples/libDaisy/build\libdaisy.a(stm32h7xx_hal_i2c.o)
                              ../../DaisyExamples/libDaisy/build\libdaisy.a(i2c.o) (HAL_I2C_Init)
../../DaisyExamples/libDaisy/build\libdaisy.a(stm32h7xx_hal_i2c_ex.o)
                              ../../DaisyExamples/libDaisy/build\libdaisy.a(i2c.o) (HAL_I2CEx_ConfigAnalogFilter)
../../DaisyExamples/libDaisy/build\libdaisy.a(stm32h7xx_hal_pcd.o)
[...]
Memory Configuration

Name             Origin             Length             Attributes
FLASH            0x08000000         0x00020000         xr
DTCMRAM          0x20000000         0x00020000         xrw
SRAM             0x24000000         0x00080000         xrw
RAM_D2           0x30000000         0x00048000         xrw
RAM_D3           0x38000000         0x00010000         xrw
ITCMRAM          0x00000000         0x00010000         xrw
SDRAM            0xc0000000         0x04000000         xrw
QSPIFLASH        0x90000000         0x00800000         xr
*default*        0x00000000         0xffffffff

Linker script and memory map

LOAD c:/users/guita/documents/daisytoolchain-0.3.3/windows/bin/../lib/gcc/arm-none-eabi/10.2.1/thumb/v7e-m+dp/hard/crti.o
LOAD c:/users/guita/documents/daisytoolchain-0.3.3/windows/bin/../lib/gcc/arm-none-eabi/10.2.1/thumb/v7e-m+dp/hard/crtbegin.o
LOAD c:/users/guita/documents/daisytoolchain-0.3.3/windows/bin/../lib/gcc/arm-none-eabi/10.2.1/../../../../arm-none-eabi/lib/thumb/v7e-m+dp/hard/crt0.o
LOAD build/startup_stm32h750xx.o
LOAD build/BassPedal.o
LOAD ../../DaisyExamples/libDaisy/build\libdaisy.a
LOAD c:/users/guita/documents/daisytoolchain-0.3.3/windows/bin/../lib/gcc/arm-none-eabi/10.2.1/../../../../arm-none-eabi/lib/thumb/v7e-m+dp/hard\libnosys.a
LOAD ../../DaisyExamples/DaisySP/build\libdaisysp.a
LOAD c:/users/guita/documents/daisytoolchain-0.3.3/windows/bin/../lib/gcc/arm-none-eabi/10.2.1/../../../../arm-none-eabi/lib/thumb/v7e-m+dp/hard\libstdc++_nano.a
LOAD c:/users/guita/documents/daisytoolchain-0.3.3/windows/bin/../lib/gcc/arm-none-eabi/10.2.1/../../../../arm-none-eabi/lib/thumb/v7e-m+dp/hard\libm.a
LOAD c:/users/guita/documents/daisytoolchain-0.3.3/windows/bin/../lib/gcc/arm-none-eabi/10.2.1/../../../../arm-none-eabi/lib/thumb/v7e-m+dp/hard\libc_nano.a
START GROUP
LOAD c:/users/guita/documents/daisytoolchain-0.3.3/windows/bin/../lib/gcc/arm-none-eabi/10.2.1/thumb/v7e-m+dp/hard\libgcc.a
LOAD c:/users/guita/documents/daisytoolchain-0.3.3/windows/bin/../lib/gcc/arm-none-eabi/10.2.1/../../../../arm-none-eabi/lib/thumb/v7e-m+dp/hard\libc_nano.a
END GROUP
START GROUP
LOAD c:/users/guita/documents/daisytoolchain-0.3.3/windows/bin/../lib/gcc/arm-none-eabi/10.2.1/thumb/v7e-m+dp/hard\libgcc.a
LOAD c:/users/guita/documents/daisytoolchain-0.3.3/windows/bin/../lib/gcc/arm-none-eabi/10.2.1/../../../../arm-none-eabi/lib/thumb/v7e-m+dp/hard\libc_nano.a
LOAD c:/users/guita/documents/daisytoolchain-0.3.3/windows/bin/../lib/gcc/arm-none-eabi/10.2.1/../../../../arm-none-eabi/lib/thumb/v7e-m+dp/hard\libnosys.a
END GROUP
START GROUP
LOAD c:/users/guita/documents/daisytoolchain-0.3.3/windows/bin/../lib/gcc/arm-none-eabi/10.2.1/thumb/v7e-m+dp/hard\libgcc.a
LOAD c:/users/guita/documents/daisytoolchain-0.3.3/windows/bin/../lib/gcc/arm-none-eabi/10.2.1/../../../../arm-none-eabi/lib/thumb/v7e-m+dp/hard\libc_nano.a
LOAD c:/users/guita/documents/daisytoolchain-0.3.3/windows/bin/../lib/gcc/arm-none-eabi/10.2.1/../../../../arm-none-eabi/lib/thumb/v7e-m+dp/hard\libnosys.a
END GROUP
LOAD c:/users/guita/documents/daisytoolchain-0.3.3/windows/bin/../lib/gcc/arm-none-eabi/10.2.1/thumb/v7e-m+dp/hard/crtend.o
LOAD c:/users/guita/documents/daisytoolchain-0.3.3/windows/bin/../lib/gcc/arm-none-eabi/10.2.1/thumb/v7e-m+dp/hard/crtn.o
                0x20020000                _estack = 0x20020000

.isr_vector     0x08000000      0x298
                0x08000000                . = ALIGN (0x4)
 *(.isr_vector)
 .isr_vector    0x08000000      0x298 build/startup_stm32h750xx.o
                0x08000000                g_pfnVectors
                0x08000298                . = ALIGN (0x4)

.text           0x08000298    0x13400
                0x08000298                . = ALIGN (0x4)
                0x08000298                _stext = .
 *(.text)
 .text          0x08000298       0x40 c:/users/guita/documents/daisytoolchain-0.3.3/windows/bin/../lib/gcc/arm-none-eabi/10.2.1/thumb/v7e-m+dp/hard/crtbegin.o
 .text          0x080002d8       0x14 c:/users/guita/documents/daisytoolchain-0.3.3/windows/bin/../lib/gcc/arm-none-eabi/10.2.1/../../../../arm-none-eabi/lib/thumb/v7e-m+dp/hard\libc_nano.a(lib_a-strcmp.o)
                0x080002d8                strcmp
 *(.text*)
 .text.Default_Handler
                0x080002ec        0x4 build/startup_stm32h750xx.o
                0x080002ec                RTC_Alarm_IRQHandler
                0x080002ec                HASH_RNG_IRQHandler
                0x080002ec                EXTI2_IRQHandler
                0x080002ec                TIM8_CC_IRQHandler
                0x080002ec                HRTIM1_Master_IRQHandler
                0x080002ec                DebugMon_Handler
                0x080002ec                UART8_IRQHandler
                0x080002ec                SPI4_IRQHandler
                0x080002ec                TIM1_CC_IRQHandler
                0x080002ec                BDMA_Channel6_IRQHandler
                0x080002ec                DMA2_Stream5_IRQHandler
                0x080002ec                HRTIM1_FLT_IRQHandler
                0x080002ec                JPEG_IRQHandler
                0x080002ec                DMA1_Stream5_IRQHandler
                0x080002ec                BDMA_Channel1_IRQHandler
                0x080002ec                HRTIM1_TIMD_IRQHandler
                0x080002ec                TAMP_STAMP_IRQHandler
                0x080002ec                PendSV_Handler
                0x080002ec                NMI_Handler
                0x080002ec                EXTI3_IRQHandler
                0x080002ec                LPTIM4_IRQHandler
                0x080002ec                TIM8_TRG_COM_TIM14_IRQHandler
                0x080002ec                LPTIM2_IRQHandler
                0x080002ec                DFSDM1_FLT1_IRQHandler
                0x080002ec                DMAMUX2_OVR_IRQHandler
                0x080002ec                TIM8_UP_TIM13_IRQHandler
                0x080002ec                I2C3_ER_IRQHandler
                0x080002ec                DFSDM1_FLT2_IRQHandler
                0x080002ec                MDMA_IRQHandler
                0x080002ec                LPTIM3_IRQHandler
                0x080002ec                HSEM1_IRQHandler
                0x080002ec                EXTI0_IRQHandler
                0x080002ec                FPU_IRQHandler
                0x080002ec                OTG_HS_WKUP_IRQHandler
                0x080002ec                FDCAN1_IT1_IRQHandler
                0x080002ec                UsageFault_Handler
                0x080002ec                LTDC_ER_IRQHandler
                0x080002ec                HRTIM1_TIME_IRQHandler
                0x080002ec                TIM6_DAC_IRQHandler
                0x080002ec                DCMI_IRQHandler
                0x080002ec                HRTIM1_TIMC_IRQHandler
                0x080002ec                SAI2_IRQHandler
                0x080002ec                DFSDM1_FLT3_IRQHandler
                0x080002ec                USART6_IRQHandler
                0x080002ec                TIM17_IRQHandler
                0x080002ec                USART3_IRQHandler
                0x080002ec                CRYP_IRQHandler
                0x080002ec                BDMA_Channel7_IRQHandler
                0x080002ec                LPTIM5_IRQHandler
                0x080002ec                UART5_IRQHandler
                0x080002ec                ADC3_IRQHandler
                0x080002ec                DMA2_Stream0_IRQHandler
                0x080002ec                TIM4_IRQHandler
                0x080002ec                BDMA_Channel2_IRQHandler
                0x080002ec                DMAMUX1_OVR_IRQHandler
                0x080002ec                TIM16_IRQHandler
                0x080002ec                UART4_IRQHandler
                0x080002ec                BDMA_Channel5_IRQHandler
                0x080002ec                TIM3_IRQHandler
                0x080002ec                RCC_IRQHandler
                0x080002ec                TIM8_BRK_TIM12_IRQHandler
                0x080002ec                TIM1_TRG_COM_IRQHandler
                0x080002ec                Default_Handler
                0x080002ec                ECC_IRQHandler
                0x080002ec                CEC_IRQHandler
                0x080002ec                EXTI15_10_IRQHandler
                0x080002ec                BDMA_Channel0_IRQHandler
                0x080002ec                ADC_IRQHandler
                0x080002ec                DMA1_Stream7_IRQHandler
                0x080002ec                HRTIM1_TIMA_IRQHandler
                0x080002ec                SPI5_IRQHandler
                0x080002ec                TIM7_IRQHandler
                0x080002ec                SDMMC1_IRQHandler
                0x080002ec                TIM5_IRQHandler
                0x080002ec                DMA2_Stream7_IRQHandler
                0x080002ec                TIM15_IRQHandler
                0x080002ec                PVD_AVD_IRQHandler
                0x080002ec                EXTI9_5_IRQHandler
                0x080002ec                RTC_WKUP_IRQHandler
                0x080002ec                LTDC_IRQHandler
                0x080002ec                SAI3_IRQHandler
                0x080002ec                ETH_WKUP_IRQHandler
                0x080002ec                SPDIF_RX_IRQHandler
                0x080002ec                SPI2_IRQHandler
                0x080002ec                MemManage_Handler
                0x080002ec                SVC_Handler
                0x080002ec                CRS_IRQHandler
                0x080002ec                EXTI4_IRQHandler
                0x080002ec                HRTIM1_TIMB_IRQHandler
                0x080002ec                FDCAN2_IT1_IRQHandler
                0x080002ec                ETH_IRQHandler
                0x080002ec                TIM1_UP_IRQHandler
                0x080002ec                BDMA_Channel4_IRQHandler
                0x080002ec                WWDG_IRQHandler
                0x080002ec                SPI6_IRQHandler
                0x080002ec                I2C4_EV_IRQHandler
                0x080002ec                MDIOS_IRQHandler
                0x080002ec                FDCAN2_IT0_IRQHandler
                0x080002ec                LPUART1_IRQHandler
                0x080002ec                FDCAN1_IT0_IRQHandler
                0x080002ec                TIM2_IRQHandler
                0x080002ec                OTG_FS_WKUP_IRQHandler
                0x080002ec                DMA2D_IRQHandler
                0x080002ec                TIM1_BRK_IRQHandler
                0x080002ec                EXTI1_IRQHandler
                0x080002ec                SDMMC2_IRQHandler
                0x080002ec                OTG_FS_EP1_OUT_IRQHandler
                0x080002ec                BDMA_Channel3_IRQHandler
                0x080002ec                UART7_IRQHandler
                0x080002ec                MDIOS_WKUP_IRQHandler
                0x080002ec                USART2_IRQHandler
                0x080002ec                DFSDM1_FLT0_IRQHandler
                0x080002ec                SAI4_IRQHandler
                0x080002ec                I2C2_ER_IRQHandler
                0x080002ec                DMA2_Stream1_IRQHandler
                0x080002ec                FLASH_IRQHandler
                0x080002ec                DMA2_Stream4_IRQHandler
                0x080002ec                BusFault_Handler
                0x080002ec                USART1_IRQHandler
                0x080002ec                OTG_FS_IRQHandler
                0x080002ec                SPI3_IRQHandler
                0x080002ec                WAKEUP_PIN_IRQHandler
                0x080002ec                OTG_FS_EP1_IN_IRQHandler
                0x080002ec                I2C1_ER_IRQHandler
                0x080002ec                FMC_IRQHandler
                0x080002ec                FDCAN_CAL_IRQHandler
                0x080002ec                SWPMI1_IRQHandler
                0x080002ec                COMP1_IRQHandler
                0x080002ec                LPTIM1_IRQHandler
                0x080002ec                I2C4_ER_IRQHandler
                0x080002ec                DMA2_Stream6_IRQHandler
                0x080002ec                SAI1_IRQHandler
 .text.Reset_Handler
                0x080002f0       0x44 build/startup_stm32h750xx.o
                0x080002f0                Reset_Handler
 .text._ZN5daisy6SwitchD2Ev
                0x08000334        0x4 build/BassPedal.o
                0x08000334                daisy::Switch::~Switch()
                0x08000334                daisy::Switch::~Switch()
 .text._ZN5daisy3LedD2Ev
                0x08000338        0x4 build/BassPedal.o
                0x08000338                daisy::Led::~Led()
                0x08000338                daisy::Led::~Led()
 .text._ZN5daisy6RgbLedD2Ev
                0x0800033c        0x4 build/BassPedal.o
                0x0800033c                daisy::RgbLed::~RgbLed()
                0x0800033c                daisy::RgbLed::~RgbLed()
 .text._ZN5daisy9DaisySeedD2Ev
                0x08000340        0x4 build/BassPedal.o
                0x08000340                daisy::DaisySeed::~DaisySeed()
                0x08000340                daisy::DaisySeed::~DaisySeed()
 .text._ZN14LB_EnvDetectorD2Ev
                0x08000344        0x4 build/BassPedal.o
                0x08000344                LB_EnvDetector::~LB_EnvDetector()
                0x08000344                LB_EnvDetector::~LB_EnvDetector()
 .text._ZN14LB_EnvDetector5resetEd
                0x08000348       0x10 build/BassPedal.o
                0x08000348                LB_EnvDetector::reset(double)
 .text._ZN14LB_EnvDetector20canProcessAudioFrameEv
                0x08000358        0x4 build/BassPedal.o
                0x08000358                LB_EnvDetector::canProcessAudioFrame()
 .text._ZN13LB_Compressor20canProcessAudioFrameEv
                0x0800035c        0x4 build/BassPedal.o
                0x0800035c                LB_Compressor::canProcessAudioFrame()
 .text._ZN8LBBiquad18processAudioSampleEd
                0x08000360       0x44 build/BassPedal.o
                0x08000360                LBBiquad::processAudioSample(double)
 .text._ZN8FatPunchD2Ev
                0x080003a4        0x4 build/BassPedal.o
                0x080003a4                FatPunch::~FatPunch()
                0x080003a4                FatPunch::~FatPunch()
 .text._ZN8FatPunch20canProcessAudioFrameEv
                0x080003a8        0x4 build/BassPedal.o
                0x080003a8                FatPunch::canProcessAudioFrame()
 .text._ZN10MelodyModeD2Ev
                0x080003ac        0x4 build/BassPedal.o
                0x080003ac                MelodyMode::~MelodyMode()
                0x080003ac                MelodyMode::~MelodyMode()
 .text._ZN10MelodyMode20canProcessAudioFrameEv
                0x080003b0        0x4 build/BassPedal.o
                0x080003b0                MelodyMode::canProcessAudioFrame()
 .text._ZN10MelodyMode5resetEd
                0x080003b4       0x34 build/BassPedal.o
                0x080003b4                MelodyMode::reset(double)
 .text._ZN14LB_EnvDetector18processAudioSampleEd
                0x080003e8       0xb0 build/BassPedal.o
                0x080003e8                LB_EnvDetector::processAudioSample(double)
 .text._ZN14LB_EnvDetector13setSampleRateEd
                0x08000498       0x70 build/BassPedal.o
                0x08000498                LB_EnvDetector::setSampleRate(double)
 .text._ZN13LB_Compressor5resetEd
                0x08000508       0x78 build/BassPedal.o
                0x08000508                LB_Compressor::reset(double)
 .text._ZN8FatPunch5resetEd
                0x08000580       0x98 build/BassPedal.o
                0x08000580                FatPunch::reset(double)
 .text._ZN10MelodyMode18processAudioSampleEd
                0x08000618      0x100 build/BassPedal.o
                0x08000618                MelodyMode::processAudioSample(double)
 .text._ZN13LB_Compressor18processAudioSampleEd
                0x08000718      0x110 build/BassPedal.o
                0x08000718                LB_Compressor::processAudioSample(double)
 .text._ZN8FatPunch18processAudioSampleEd
                0x08000828      0x200 build/BassPedal.o
                0x08000828                FatPunch::processAudioSample(double)
 .text._ZN6LB_PEQ21calculateFilterCoeffsEv
                0x08000a28      0x148 build/BassPedal.o
                0x08000a28                LB_PEQ::calculateFilterCoeffs()
 .text._ZN6LB_HSF21calculateFilterCoeffsEv
                0x08000b70      0x128 build/BassPedal.o
                0x08000b70                LB_HSF::calculateFilterCoeffs()
 .text._ZN8FatPunch13setParametersERK18FatPunchParameters
                0x08000c98      0x1a4 build/BassPedal.o
                0x08000c98                FatPunch::setParameters(FatPunchParameters const&)
 *fill*         0x08000e3c        0x4 
 .text._ZL8CallbackPKfPfj
                0x08000e40      0x768 build/BassPedal.o
 .text._ZN10MelodyMode13setParametersERK20MelodyModeParameters
                0x080015a8      0x104 build/BassPedal.o
                0x080015a8                MelodyMode::setParameters(MelodyModeParameters const&)
 *fill*         0x080016ac        0x4 
 .text.startup.main
                0x080016b0      0x240 build/BassPedal.o
                0x080016b0                main
 .text.startup._GLOBAL__sub_I__ZN8LBBiquad18processAudioSampleEd
                0x080018f0      0x278 build/BassPedal.o
 .text._ZN5daisy9DaisySeed9ConfigureEv
                0x08001b68        0x4 ../../DaisyExamples/libDaisy/build\libdaisy.a(daisy_seed.o)
                0x08001b68                daisy::DaisySeed::Configure()
 .text._ZN5daisy9DaisySeed6GetPinEh
                0x08001b6c       0x2c ../../DaisyExamples/libDaisy/build\libdaisy.a(daisy_seed.o)
                0x08001b6c                daisy::DaisySeed::GetPin(unsigned char)
 .text._ZN5daisy9DaisySeed10StartAudioEPFvPKfPfjE
                0x08001b98        0x8 ../../DaisyExamples/libDaisy/build\libdaisy.a(daisy_seed.o)
                0x08001b98                daisy::DaisySeed::StartAudio(void (*)(float const*, float*, unsigned int))
 .text._ZN5daisy9DaisySeed15AudioSampleRateEv
                0x08001ba0        0x8 ../../DaisyExamples/libDaisy/build\libdaisy.a(daisy_seed.o)
                0x08001ba0                daisy::DaisySeed::AudioSampleRate()
 .text._ZN5daisy9DaisySeed17SetAudioBlockSizeEj
                0x08001ba8       0x38 ../../DaisyExamples/libDaisy/build\libdaisy.a(daisy_seed.o)
                0x08001ba8                daisy::DaisySeed::SetAudioBlockSize(unsigned int)
 .text._ZN5daisy9DaisySeed14ConfigureAudioEv
                0x08001be0       0xd0 ../../DaisyExamples/libDaisy/build\libdaisy.a(daisy_seed.o)
                0x08001be0                daisy::DaisySeed::ConfigureAudio()
 .text._ZN5daisy9DaisySeed4InitEb
                0x08001cb0       0xf0 ../../DaisyExamples/libDaisy/build\libdaisy.a(daisy_seed.o)
                0x08001cb0                daisy::DaisySeed::Init(bool)
 .text._ZN5daisy6Ak45564InitE12dsy_gpio_pin
                0x08001da0       0x44 ../../DaisyExamples/libDaisy/build\libdaisy.a(codec_ak4556.o)
                0x08001da0                daisy::Ak4556::Init(dsy_gpio_pin)
 .text._ZN5daisy6Wm873120WriteControlRegisterEht
                0x08001de4       0x3c ../../DaisyExamples/libDaisy/build\libdaisy.a(codec_wm8731.o)
                0x08001de4                daisy::Wm8731::WriteControlRegister(unsigned char, unsigned short)
 .text._ZN5daisy6Wm87314InitERKNS0_6ConfigENS_9I2CHandleE
                0x08001e20      0x1bc ../../DaisyExamples/libDaisy/build\libdaisy.a(codec_wm8731.o)
                0x08001e20                daisy::Wm8731::Init(daisy::Wm8731::Config const&, daisy::I2CHandle)
 .text._ZN11SdramHandle10DeviceInitEv
                0x08001fdc       0x98 ../../DaisyExamples/libDaisy/build\libdaisy.a(sdram.o)
                0x08001fdc                SdramHandle::DeviceInit()
 .text._ZN11SdramHandle4InitEv
                0x08002074       0x7c ../../DaisyExamples/libDaisy/build\libdaisy.a(sdram.o)
                0x08002074                SdramHandle::Init()
 .text.HAL_SDRAM_MspInit
                0x080020f0      0x1a8 ../../DaisyExamples/libDaisy/build\libdaisy.a(sdram.o)
                0x080020f0                HAL_SDRAM_MspInit
 .text._ZN5daisy11AudioHandle4Impl16InternalCallbackEPlS2_j
                0x08002298      0xbbc ../../DaisyExamples/libDaisy/build\libdaisy.a(audio.o)
                0x08002298                daisy::AudioHandle::Impl::InternalCallback(long*, long*, unsigned int)
 .text._ZN5daisy11AudioHandle4InitERKNS0_6ConfigENS_9SaiHandleE
                0x08002e54       0x64 ../../DaisyExamples/libDaisy/build\libdaisy.a(audio.o)
                0x08002e54                daisy::AudioHandle::Init(daisy::AudioHandle::Config const&, daisy::SaiHandle)
 .text._ZNK5daisy11AudioHandle9GetConfigEv
                0x08002eb8        0x8 ../../DaisyExamples/libDaisy/build\libdaisy.a(audio.o)
                0x08002eb8                daisy::AudioHandle::GetConfig() const
 .text._ZN5daisy11AudioHandle12SetBlockSizeEj
                0x08002ec0       0x1c ../../DaisyExamples/libDaisy/build\libdaisy.a(audio.o)
                0x08002ec0                daisy::AudioHandle::SetBlockSize(unsigned int)
 .text._ZN5daisy11AudioHandle13GetSampleRateEv
                0x08002edc        0x8 ../../DaisyExamples/libDaisy/build\libdaisy.a(audio.o)
                0x08002edc                daisy::AudioHandle::GetSampleRate()
 .text._ZN5daisy11AudioHandle5StartEPFvPKfPfjE
                0x08002ee4       0x2c ../../DaisyExamples/libDaisy/build\libdaisy.a(audio.o)
                0x08002ee4                daisy::AudioHandle::Start(void (*)(float const*, float*, unsigned int))
 .text.startup._GLOBAL__sub_I__ZN5daisy11AudioHandle4Impl4InitENS0_6ConfigENS_9SaiHandleE
                0x08002f10       0x10 ../../DaisyExamples/libDaisy/build\libdaisy.a(audio.o)
 .text._ZN5daisy3Led4InitE12dsy_gpio_pinbf
                0x08002f20       0x48 ../../DaisyExamples/libDaisy/build\libdaisy.a(led.o)
                0x08002f20                daisy::Led::Init(dsy_gpio_pin, bool, float)
 .text._ZN5daisy3Led3SetEf
                0x08002f68       0x24 ../../DaisyExamples/libDaisy/build\libdaisy.a(led.o)
                0x08002f68                daisy::Led::Set(float)
 .text._ZN5daisy3Led6UpdateEv
                0x08002f8c       0x48 ../../DaisyExamples/libDaisy/build\libdaisy.a(led.o)
                0x08002f8c                daisy::Led::Update()
 .text._ZN5daisy6RgbLed4InitE12dsy_gpio_pinS1_S1_b
                0x08002fd4       0x50 ../../DaisyExamples/libDaisy/build\libdaisy.a(rgb_led.o)
                0x08002fd4                daisy::RgbLed::Init(dsy_gpio_pin, dsy_gpio_pin, dsy_gpio_pin, bool)
 .text._ZN5daisy6RgbLed8SetColorENS_5ColorE
                0x08003024       0x2c ../../DaisyExamples/libDaisy/build\libdaisy.a(rgb_led.o)
                0x08003024                daisy::RgbLed::SetColor(daisy::Color)
 .text._ZN5daisy6RgbLed6UpdateEv
                0x08003050       0x1c ../../DaisyExamples/libDaisy/build\libdaisy.a(rgb_led.o)
                0x08003050                daisy::RgbLed::Update()
 .text._ZN5daisy6Switch4InitE12dsy_gpio_pinf
                0x0800306c       0x34 ../../DaisyExamples/libDaisy/build\libdaisy.a(switch.o)
                0x0800306c                daisy::Switch::Init(dsy_gpio_pin, float)
 .text._ZN5daisy6Switch8DebounceEv
                0x080030a0       0x5c ../../DaisyExamples/libDaisy/build\libdaisy.a(switch.o)
                0x080030a0                daisy::Switch::Debounce()
 .text._ZN5daisy16AdcChannelConfig10InitSingleE12dsy_gpio_pin
                0x080030fc       0x1c ../../DaisyExamples/libDaisy/build\libdaisy.a(adc.o)
                0x080030fc                daisy::AdcChannelConfig::InitSingle(dsy_gpio_pin)
 .text._ZN5daisy9AdcHandle4InitEPNS_16AdcChannelConfigEjNS0_12OverSamplingE
                0x08003118      0x3c8 ../../DaisyExamples/libDaisy/build\libdaisy.a(adc.o)
                0x08003118                daisy::AdcHandle::Init(daisy::AdcChannelConfig*, unsigned int, daisy::AdcHandle::OverSampling)
 .text._ZN5daisy9AdcHandle5StartEv
                0x080034e0       0x2c ../../DaisyExamples/libDaisy/build\libdaisy.a(adc.o)
                0x080034e0                daisy::AdcHandle::Start()
 .text._ZNK5daisy9AdcHandle8GetFloatEh
                0x0800350c       0x20 ../../DaisyExamples/libDaisy/build\libdaisy.a(adc.o)
                0x0800350c                daisy::AdcHandle::GetFloat(unsigned char) const
 .text.HAL_ADC_MspInit
                0x0800352c       0x98 ../../DaisyExamples/libDaisy/build\libdaisy.a(adc.o)
                0x0800352c                HAL_ADC_MspInit
 .text.DMA1_Stream2_IRQHandler
                0x080035c4        0xc ../../DaisyExamples/libDaisy/build\libdaisy.a(adc.o)
                0x080035c4                DMA1_Stream2_IRQHandler
 .text.HAL_ADC_ConvCpltCallback
                0x080035d0      0x148 ../../DaisyExamples/libDaisy/build\libdaisy.a(adc.o)
                0x080035d0                HAL_ADC_ConvCpltCallback
 .text.HAL_ADC_ErrorCallback
                0x08003718        0x4 ../../DaisyExamples/libDaisy/build\libdaisy.a(adc.o)
                0x08003718                HAL_ADC_ErrorCallback
 .text.dsy_gpio_init
                0x0800371c      0x1b8 ../../DaisyExamples/libDaisy/build\libdaisy.a(gpio.o)
                0x0800371c                dsy_gpio_init
 .text.dsy_gpio_read
                0x080038d4       0x1c ../../DaisyExamples/libDaisy/build\libdaisy.a(gpio.o)
                0x080038d4                dsy_gpio_read
 .text.dsy_gpio_write
                0x080038f0       0x24 ../../DaisyExamples/libDaisy/build\libdaisy.a(gpio.o)
                0x080038f0                dsy_gpio_write
 .text._ZN5daisy9I2CHandle4Impl8InitPinsEv
                0x08003914       0x58 ../../DaisyExamples/libDaisy/build\libdaisy.a(i2c.o)
                0x08003914                daisy::I2CHandle::Impl::InitPins()
 .text.HAL_I2C_MspInit
                0x0800396c      0x1b4 ../../DaisyExamples/libDaisy/build\libdaisy.a(i2c.o)
                0x0800396c                HAL_I2C_MspInit
 .text.dsy_i2c_global_init
                0x08003b20       0x78 ../../DaisyExamples/libDaisy/build\libdaisy.a(i2c.o)
                0x08003b20                dsy_i2c_global_init
 .text.DMA1_Stream6_IRQHandler
                0x08003b98       0x34 ../../DaisyExamples/libDaisy/build\libdaisy.a(i2c.o)
                0x08003b98                DMA1_Stream6_IRQHandler
 .text.I2C1_EV_IRQHandler
                0x08003bcc        0xc ../../DaisyExamples/libDaisy/build\libdaisy.a(i2c.o)
                0x08003bcc                I2C1_EV_IRQHandler
 .text.I2C2_EV_IRQHandler
                0x08003bd8        0xc ../../DaisyExamples/libDaisy/build\libdaisy.a(i2c.o)
                0x08003bd8                I2C2_EV_IRQHandler
 .text.I2C3_EV_IRQHandler
                0x08003be4        0xc ../../DaisyExamples/libDaisy/build\libdaisy.a(i2c.o)
                0x08003be4                I2C3_EV_IRQHandler
 .text._ZN5daisy9I2CHandle4InitERKNS0_6ConfigE
                0x08003bf0      0x12c ../../DaisyExamples/libDaisy/build\libdaisy.a(i2c.o)
                0x08003bf0                daisy::I2CHandle::Init(daisy::I2CHandle::Config const&)
 .text._ZN5daisy9I2CHandle16TransmitBlockingEtPhtm
                0x08003d1c       0x50 ../../DaisyExamples/libDaisy/build\libdaisy.a(i2c.o)
                0x08003d1c                daisy::I2CHandle::TransmitBlocking(unsigned short, unsigned char*, unsigned short, unsigned long)
 .text.startup._GLOBAL__sub_I__ZN5daisy9I2CHandle4Impl10GlobalInitEv
                0x08003d6c       0x18 ../../DaisyExamples/libDaisy/build\libdaisy.a(i2c.o)
 .text._ZN5daisy10QSPIHandle4Impl11WriteEnableEv
                0x08003d84       0x8c ../../DaisyExamples/libDaisy/build\libdaisy.a(qspi.o)
                0x08003d84                daisy::QSPIHandle::Impl::WriteEnable()
 .text._ZN5daisy10QSPIHandle4Impl17DummyCyclesConfigENS0_6Config6DeviceE
                0x08003e10      0x118 ../../DaisyExamples/libDaisy/build\libdaisy.a(qspi.o)
                0x08003e10                daisy::QSPIHandle::Impl::DummyCyclesConfig(daisy::QSPIHandle::Config::Device)
 .text._ZN5daisy10QSPIHandle4Impl10QuadEnableEv
                0x08003f28      0x158 ../../DaisyExamples/libDaisy/build\libdaisy.a(qspi.o)
                0x08003f28                daisy::QSPIHandle::Impl::QuadEnable()
 .text._ZN5daisy10QSPIHandle4InitERKNS0_6ConfigE
                0x08004080      0x198 ../../DaisyExamples/libDaisy/build\libdaisy.a(qspi.o)
                0x08004080                daisy::QSPIHandle::Init(daisy::QSPIHandle::Config const&)
 .text.HAL_QSPI_MspInit
                0x08004218      0x11c ../../DaisyExamples/libDaisy/build\libdaisy.a(qspi.o)
                0x08004218                HAL_QSPI_MspInit
 .text.HAL_QSPI_MspDeInit
                0x08004334       0x54 ../../DaisyExamples/libDaisy/build\libdaisy.a(qspi.o)
                0x08004334                HAL_QSPI_MspDeInit
 .text.QUADSPI_IRQHandler
                0x08004388        0xc ../../DaisyExamples/libDaisy/build\libdaisy.a(qspi.o)
                0x08004388                QUADSPI_IRQHandler
 .text.startup._GLOBAL__sub_I__ZN5daisy10QSPIHandle4Impl4InitERKNS0_6ConfigE
                0x08004394       0x28 ../../DaisyExamples/libDaisy/build\libdaisy.a(qspi.o)
 .text._ZN5daisy9SaiHandle4Impl7InitDmaENS1_15PeripheralBlockE
                0x080043bc       0xa0 ../../DaisyExamples/libDaisy/build\libdaisy.a(sai.o)
                0x080043bc                daisy::SaiHandle::Impl::InitDma(daisy::SaiHandle::Impl::PeripheralBlock)
 .text._ZN5daisy9SaiHandle4Impl8InitPinsEv
                0x0800445c       0xa8 ../../DaisyExamples/libDaisy/build\libdaisy.a(sai.o)
                0x0800445c                daisy::SaiHandle::Impl::InitPins()
 .text.HAL_SAI_MspInit
                0x08004504      0x164 ../../DaisyExamples/libDaisy/build\libdaisy.a(sai.o)
                0x08004504                HAL_SAI_MspInit
 .text.DMA1_Stream0_IRQHandler
                0x08004668        0xc ../../DaisyExamples/libDaisy/build\libdaisy.a(sai.o)
                0x08004668                DMA1_Stream0_IRQHandler
 .text.DMA1_Stream1_IRQHandler
                0x08004674        0xc ../../DaisyExamples/libDaisy/build\libdaisy.a(sai.o)
                0x08004674                DMA1_Stream1_IRQHandler
 .text.DMA1_Stream3_IRQHandler
                0x08004680        0xc ../../DaisyExamples/libDaisy/build\libdaisy.a(sai.o)
                0x08004680                DMA1_Stream3_IRQHandler
 .text.DMA1_Stream4_IRQHandler
                0x0800468c        0xc ../../DaisyExamples/libDaisy/build\libdaisy.a(sai.o)
                0x0800468c                DMA1_Stream4_IRQHandler
 .text.HAL_SAI_RxHalfCpltCallback
                0x08004698       0x78 ../../DaisyExamples/libDaisy/build\libdaisy.a(sai.o)
                0x08004698                HAL_SAI_RxHalfCpltCallback
 .text.HAL_SAI_RxCpltCallback
                0x08004710       0x70 ../../DaisyExamples/libDaisy/build\libdaisy.a(sai.o)
                0x08004710                HAL_SAI_RxCpltCallback
 .text._ZN5daisy9SaiHandle4InitERKNS0_6ConfigE
                0x08004780      0x1f0 ../../DaisyExamples/libDaisy/build\libdaisy.a(sai.o)
                0x08004780                daisy::SaiHandle::Init(daisy::SaiHandle::Config const&)
 .text._ZNK5daisy9SaiHandle9GetConfigEv
                0x08004970        0x4 ../../DaisyExamples/libDaisy/build\libdaisy.a(sai.o)
                0x08004970                daisy::SaiHandle::GetConfig() const
 .text._ZN5daisy9SaiHandle8StartDmaEPlS1_jPFvS1_S1_jE
                0x08004974       0xbc ../../DaisyExamples/libDaisy/build\libdaisy.a(sai.o)
                0x08004974                daisy::SaiHandle::StartDma(long*, long*, unsigned int, void (*)(long*, long*, unsigned int))
 .text._ZN5daisy9SaiHandle13GetSampleRateEv
                0x08004a30       0x24 ../../DaisyExamples/libDaisy/build\libdaisy.a(sai.o)
                0x08004a30                daisy::SaiHandle::GetSampleRate()
 .text._ZNK5daisy9SaiHandle9GetOffsetEv
                0x08004a54        0x8 ../../DaisyExamples/libDaisy/build\libdaisy.a(sai.o)
                0x08004a54                daisy::SaiHandle::GetOffset() const
 .text._ZN5daisy11TimerHandleD2Ev
                0x08004a5c        0x4 ../../DaisyExamples/libDaisy/build\libdaisy.a(system.o)
                0x08004a5c                daisy::TimerHandle::~TimerHandle()
                0x08004a5c                daisy::TimerHandle::~TimerHandle()
 .text.SysTick_Handler
                0x08004a60       0x10 ../../DaisyExamples/libDaisy/build\libdaisy.a(system.o)
                0x08004a60                SysTick_Handler
 .text.OTG_HS_EP1_OUT_IRQHandler
                0x08004a70       0x24 ../../DaisyExamples/libDaisy/build\libdaisy.a(system.o)
                0x08004a70                OTG_HS_EP1_OUT_IRQHandler
 .text.OTG_HS_EP1_IN_IRQHandler
                0x08004a94       0x24 ../../DaisyExamples/libDaisy/build\libdaisy.a(system.o)
                0x08004a94                OTG_HS_EP1_IN_IRQHandler
 .text.OTG_HS_IRQHandler
                0x08004ab8       0x24 ../../DaisyExamples/libDaisy/build\libdaisy.a(system.o)
                0x08004ab8                OTG_HS_IRQHandler
 .text.HardFault_Handler
                0x08004adc       0xe0 ../../DaisyExamples/libDaisy/build\libdaisy.a(system.o)
                0x08004adc                HardFault_Handler
 .text._ZN5daisy6System6GetNowEv
                0x08004bbc        0x4 ../../DaisyExamples/libDaisy/build\libdaisy.a(system.o)
                0x08004bbc                daisy::System::GetNow()
 .text._ZN5daisy6System5DelayEm
                0x08004bc0        0x4 ../../DaisyExamples/libDaisy/build\libdaisy.a(system.o)
                0x08004bc0                daisy::System::Delay(unsigned long)
 .text._ZN5daisy6System15ConfigureClocksEv
                0x08004bc4      0x194 ../../DaisyExamples/libDaisy/build\libdaisy.a(system.o)
                0x08004bc4                daisy::System::ConfigureClocks()
 .text._ZN5daisy6System4InitERKNS0_6ConfigE
                0x08004d58      0x12c ../../DaisyExamples/libDaisy/build\libdaisy.a(system.o)
                0x08004d58                daisy::System::Init(daisy::System::Config const&)
 .text._ZN5daisy6System12GetPClk1FreqEv
                0x08004e84        0x4 ../../DaisyExamples/libDaisy/build\libdaisy.a(system.o)
                0x08004e84                daisy::System::GetPClk1Freq()
 .text._ZN5daisy6System22GetProgramMemoryRegionEv
                0x08004e88       0x78 ../../DaisyExamples/libDaisy/build\libdaisy.a(system.o)
                0x08004e88                daisy::System::GetProgramMemoryRegion()
 .text.startup._GLOBAL__sub_I_SysTick_Handler
                0x08004f00       0x1c ../../DaisyExamples/libDaisy/build\libdaisy.a(system.o)
 .text.SystemInit
                0x08004f1c       0x9c ../../DaisyExamples/libDaisy/build\libdaisy.a(system_stm32h7xx.o)
                0x08004f1c                SystemInit
 .text.HAL_PCD_SetupStageCallback
                0x08004fb8        0xc ../../DaisyExamples/libDaisy/build\libdaisy.a(usbd_conf.o)
                0x08004fb8                HAL_PCD_SetupStageCallback
 .text.HAL_PCD_DataOutStageCallback
                0x08004fc4       0x14 ../../DaisyExamples/libDaisy/build\libdaisy.a(usbd_conf.o)
                0x08004fc4                HAL_PCD_DataOutStageCallback
 .text.HAL_PCD_DataInStageCallback
                0x08004fd8       0x14 ../../DaisyExamples/libDaisy/build\libdaisy.a(usbd_conf.o)
                0x08004fd8                HAL_PCD_DataInStageCallback
 .text.HAL_PCD_SOFCallback
                0x08004fec        0x8 ../../DaisyExamples/libDaisy/build\libdaisy.a(usbd_conf.o)
                0x08004fec                HAL_PCD_SOFCallback
 .text.HAL_PCD_ResetCallback
                0x08004ff4       0x24 ../../DaisyExamples/libDaisy/build\libdaisy.a(usbd_conf.o)
                0x08004ff4                HAL_PCD_ResetCallback
 .text.HAL_PCD_SuspendCallback
                0x08005018       0x30 ../../DaisyExamples/libDaisy/build\libdaisy.a(usbd_conf.o)
                0x08005018                HAL_PCD_SuspendCallback
 .text.HAL_PCD_ResumeCallback
                0x08005048        0x8 ../../DaisyExamples/libDaisy/build\libdaisy.a(usbd_conf.o)
                0x08005048                HAL_PCD_ResumeCallback
 .text.HAL_PCD_ISOOUTIncompleteCallback
                0x08005050        0x8 ../../DaisyExamples/libDaisy/build\libdaisy.a(usbd_conf.o)
                0x08005050                HAL_PCD_ISOOUTIncompleteCallback
 .text.HAL_PCD_ISOINIncompleteCallback
                0x08005058        0x8 ../../DaisyExamples/libDaisy/build\libdaisy.a(usbd_conf.o)
                0x08005058                HAL_PCD_ISOINIncompleteCallback
 .text.HAL_PCD_ConnectCallback
                0x08005060        0x8 ../../DaisyExamples/libDaisy/build\libdaisy.a(usbd_conf.o)
                0x08005060                HAL_PCD_ConnectCallback
 .text.HAL_PCD_DisconnectCallback
                0x08005068        0x8 ../../DaisyExamples/libDaisy/build\libdaisy.a(usbd_conf.o)
                0x08005068                HAL_PCD_DisconnectCallback
 .text.USBD_LL_OpenEP
                0x08005070       0x24 ../../DaisyExamples/libDaisy/build\libdaisy.a(usbd_conf.o)
                0x08005070                USBD_LL_OpenEP
 .text.USBD_LL_StallEP
                0x08005094       0x1c ../../DaisyExamples/libDaisy/build\libdaisy.a(usbd_conf.o)
                0x08005094                USBD_LL_StallEP
 .text.USBD_LL_ClearStallEP
                0x080050b0       0x1c ../../DaisyExamples/libDaisy/build\libdaisy.a(usbd_conf.o)
                0x080050b0                USBD_LL_ClearStallEP
 .text.USBD_LL_IsStallEP
                0x080050cc       0x28 ../../DaisyExamples/libDaisy/build\libdaisy.a(usbd_conf.o)
                0x080050cc                USBD_LL_IsStallEP
 .text.USBD_LL_SetUSBAddress
                0x080050f4       0x1c ../../DaisyExamples/libDaisy/build\libdaisy.a(usbd_conf.o)
                0x080050f4                USBD_LL_SetUSBAddress
 .text.USBD_LL_Transmit
                0x08005110       0x1c ../../DaisyExamples/libDaisy/build\libdaisy.a(usbd_conf.o)
                0x08005110                USBD_LL_Transmit
 .text.USBD_LL_PrepareReceive
                0x0800512c       0x1c ../../DaisyExamples/libDaisy/build\libdaisy.a(usbd_conf.o)
                0x0800512c                USBD_LL_PrepareReceive
 .text.HAL_HCD_SOF_Callback
                0x08005148        0x8 ../../DaisyExamples/libDaisy/build\libdaisy.a(usbh_conf.o)
                0x08005148                HAL_HCD_SOF_Callback
 .text.HAL_HCD_Connect_Callback
                0x08005150        0x8 ../../DaisyExamples/libDaisy/build\libdaisy.a(usbh_conf.o)
                0x08005150                HAL_HCD_Connect_Callback
 .text.HAL_HCD_Disconnect_Callback
                0x08005158        0x8 ../../DaisyExamples/libDaisy/build\libdaisy.a(usbh_conf.o)
                0x08005158                HAL_HCD_Disconnect_Callback
 .text.HAL_HCD_HC_NotifyURBChange_Callback
                0x08005160        0x4 ../../DaisyExamples/libDaisy/build\libdaisy.a(usbh_conf.o)
                0x08005160                HAL_HCD_HC_NotifyURBChange_Callback
 .text.HAL_HCD_PortEnabled_Callback
                0x08005164        0x8 ../../DaisyExamples/libDaisy/build\libdaisy.a(usbh_conf.o)
                0x08005164                HAL_HCD_PortEnabled_Callback
 .text.HAL_HCD_PortDisabled_Callback
                0x0800516c        0x8 ../../DaisyExamples/libDaisy/build\libdaisy.a(usbh_conf.o)
                0x0800516c                HAL_HCD_PortDisabled_Callback
 .text.USBH_LL_Stop
                0x08005174       0x1c ../../DaisyExamples/libDaisy/build\libdaisy.a(usbh_conf.o)
                0x08005174                USBH_LL_Stop
 .text._ZN5daisy5Color4InitEfff
                0x08005190       0x10 ../../DaisyExamples/libDaisy/build\libdaisy.a(color.o)
                0x08005190                daisy::Color::Init(float, float, float)
 .text.dsy_hal_map_get_port
                0x080051a0       0x10 ../../DaisyExamples/libDaisy/build\libdaisy.a(hal_map.o)
                0x080051a0                dsy_hal_map_get_port
 .text.dsy_hal_map_get_pin
                0x080051b0       0x10 ../../DaisyExamples/libDaisy/build\libdaisy.a(hal_map.o)
                0x080051b0                dsy_hal_map_get_pin
 .text.dsy_hal_map_gpio_clk_enable
                0x080051c0      0x150 ../../DaisyExamples/libDaisy/build\libdaisy.a(hal_map.o)
                0x080051c0                dsy_hal_map_gpio_clk_enable
 .text.HAL_MspInit
                0x08005310        0x4 ../../DaisyExamples/libDaisy/build\libdaisy.a(stm32h7xx_hal.o)
                0x08005310                HAL_MspInit
 .text.HAL_InitTick
                0x08005314       0x4c ../../DaisyExamples/libDaisy/build\libdaisy.a(stm32h7xx_hal.o)
                0x08005314                HAL_InitTick
 .text.HAL_Init
                0x08005360       0x60 ../../DaisyExamples/libDaisy/build\libdaisy.a(stm32h7xx_hal.o)
                0x08005360                HAL_Init
 .text.HAL_IncTick
                0x080053c0       0x18 ../../DaisyExamples/libDaisy/build\libdaisy.a(stm32h7xx_hal.o)
                0x080053c0                HAL_IncTick
 .text.HAL_GetTick
                0x080053d8        0xc ../../DaisyExamples/libDaisy/build\libdaisy.a(stm32h7xx_hal.o)
                0x080053d8                HAL_GetTick
 .text.HAL_Delay
                0x080053e4       0x24 ../../DaisyExamples/libDaisy/build\libdaisy.a(stm32h7xx_hal.o)
                0x080053e4                HAL_Delay
 .text.HAL_GetREVID
                0x08005408        0xc ../../DaisyExamples/libDaisy/build\libdaisy.a(stm32h7xx_hal.o)
                0x08005408                HAL_GetREVID
 .text.HAL_ADC_ConvHalfCpltCallback
                0x08005414        0x4 ../../DaisyExamples/libDaisy/build\libdaisy.a(stm32h7xx_hal_adc.o)
                0x08005414                HAL_ADC_ConvHalfCpltCallback
 .text.ADC_DMAHalfConvCplt
                0x08005418        0xc ../../DaisyExamples/libDaisy/build\libdaisy.a(stm32h7xx_hal_adc.o)
                0x08005418                ADC_DMAHalfConvCplt
 .text.ADC_DMAConvCplt
                0x08005424       0x6c ../../DaisyExamples/libDaisy/build\libdaisy.a(stm32h7xx_hal_adc.o)
                0x08005424                ADC_DMAConvCplt
 .text.ADC_DMAError
                0x08005490       0x1c ../../DaisyExamples/libDaisy/build\libdaisy.a(stm32h7xx_hal_adc.o)
                0x08005490                ADC_DMAError
 .text.HAL_ADC_ConfigChannel
                0x080054ac      0x3fc ../../DaisyExamples/libDaisy/build\libdaisy.a(stm32h7xx_hal_adc.o)
                0x080054ac                HAL_ADC_ConfigChannel
 .text.ADC_Enable
                0x080058a8       0xac ../../DaisyExamples/libDaisy/build\libdaisy.a(stm32h7xx_hal_adc.o)
                0x080058a8                ADC_Enable
 .text.HAL_ADC_Start_DMA
                0x08005954      0x114 ../../DaisyExamples/libDaisy/build\libdaisy.a(stm32h7xx_hal_adc.o)
                0x08005954                HAL_ADC_Start_DMA
 .text.ADC_Disable
                0x08005a68       0x68 ../../DaisyExamples/libDaisy/build\libdaisy.a(stm32h7xx_hal_adc.o)
                0x08005a68                ADC_Disable
 .text.ADC_ConfigureBoostMode
                0x08005ad0      0x184 ../../DaisyExamples/libDaisy/build\libdaisy.a(stm32h7xx_hal_adc.o)
                0x08005ad0                ADC_ConfigureBoostMode
 .text.HAL_ADC_Init
                0x08005c54      0x218 ../../DaisyExamples/libDaisy/build\libdaisy.a(stm32h7xx_hal_adc.o)
                0x08005c54                HAL_ADC_Init
 .text.HAL_ADCEx_Calibration_Start
                0x08005e6c       0xa4 ../../DaisyExamples/libDaisy/build\libdaisy.a(stm32h7xx_hal_adc_ex.o)
                0x08005e6c                HAL_ADCEx_Calibration_Start
 .text.HAL_ADCEx_MultiModeConfigChannel
                0x08005f10       0xc4 ../../DaisyExamples/libDaisy/build\libdaisy.a(stm32h7xx_hal_adc_ex.o)
                0x08005f10                HAL_ADCEx_MultiModeConfigChannel
 .text.HAL_NVIC_SetPriorityGrouping
                0x08005fd4       0x24 ../../DaisyExamples/libDaisy/build\libdaisy.a(stm32h7xx_hal_cortex.o)
                0x08005fd4                HAL_NVIC_SetPriorityGrouping
 .text.HAL_NVIC_SetPriority
                0x08005ff8       0x7c ../../DaisyExamples/libDaisy/build\libdaisy.a(stm32h7xx_hal_cortex.o)
                0x08005ff8                HAL_NVIC_SetPriority
 .text.HAL_NVIC_EnableIRQ
                0x08006074       0x1c ../../DaisyExamples/libDaisy/build\libdaisy.a(stm32h7xx_hal_cortex.o)
                0x08006074                HAL_NVIC_EnableIRQ
 .text.HAL_NVIC_DisableIRQ
                0x08006090       0x28 ../../DaisyExamples/libDaisy/build\libdaisy.a(stm32h7xx_hal_cortex.o)
                0x08006090                HAL_NVIC_DisableIRQ
 .text.HAL_SYSTICK_Config
                0x080060b8       0x2c ../../DaisyExamples/libDaisy/build\libdaisy.a(stm32h7xx_hal_cortex.o)
                0x080060b8                HAL_SYSTICK_Config
 .text.HAL_MPU_Disable
                0x080060e4       0x1c ../../DaisyExamples/libDaisy/build\libdaisy.a(stm32h7xx_hal_cortex.o)
                0x080060e4                HAL_MPU_Disable
 .text.HAL_MPU_Enable
                0x08006100       0x20 ../../DaisyExamples/libDaisy/build\libdaisy.a(stm32h7xx_hal_cortex.o)
                0x08006100                HAL_MPU_Enable
 .text.HAL_MPU_ConfigRegion
                0x08006120       0x64 ../../DaisyExamples/libDaisy/build\libdaisy.a(stm32h7xx_hal_cortex.o)
                0x08006120                HAL_MPU_ConfigRegion
 .text.HAL_SYSTICK_Callback
                0x08006184        0x4 ../../DaisyExamples/libDaisy/build\libdaisy.a(stm32h7xx_hal_cortex.o)
                0x08006184                HAL_SYSTICK_Callback
 .text.HAL_SYSTICK_IRQHandler
                0x08006188        0x8 ../../DaisyExamples/libDaisy/build\libdaisy.a(stm32h7xx_hal_cortex.o)
                0x08006188                HAL_SYSTICK_IRQHandler
 .text.DMA_CalcBaseAndBitshift
                0x08006190       0xf4 ../../DaisyExamples/libDaisy/build\libdaisy.a(stm32h7xx_hal_dma.o)
 .text.DMA_CalcDMAMUXChannelBaseAndMask
                0x08006284       0xd8 ../../DaisyExamples/libDaisy/build\libdaisy.a(stm32h7xx_hal_dma.o)
 .text.HAL_DMA_Init
                0x0800635c      0x37c ../../DaisyExamples/libDaisy/build\libdaisy.a(stm32h7xx_hal_dma.o)
                0x0800635c                HAL_DMA_Init
 .text.HAL_DMA_Start_IT
                0x080066d8      0x240 ../../DaisyExamples/libDaisy/build\libdaisy.a(stm32h7xx_hal_dma.o)
                0x080066d8                HAL_DMA_Start_IT
 .text.HAL_DMA_Abort_IT
                0x08006918      0x134 ../../DaisyExamples/libDaisy/build\libdaisy.a(stm32h7xx_hal_dma.o)
                0x08006918                HAL_DMA_Abort_IT
 .text.HAL_DMA_IRQHandler
                0x08006a4c      0x6a0 ../../DaisyExamples/libDaisy/build\libdaisy.a(stm32h7xx_hal_dma.o)
                0x08006a4c                HAL_DMA_IRQHandler
 .text.HAL_DMA_GetError
                0x080070ec        0x4 ../../DaisyExamples/libDaisy/build\libdaisy.a(stm32h7xx_hal_dma.o)
                0x080070ec                HAL_DMA_GetError
 .text.HAL_GPIO_Init
                0x080070f0      0x280 ../../DaisyExamples/libDaisy/build\libdaisy.a(stm32h7xx_hal_gpio.o)
                0x080070f0                HAL_GPIO_Init
 .text.HAL_GPIO_DeInit
                0x08007370      0x190 ../../DaisyExamples/libDaisy/build\libdaisy.a(stm32h7xx_hal_gpio.o)
                0x08007370                HAL_GPIO_DeInit
 .text.HAL_GPIO_ReadPin
                0x08007500        0xc ../../DaisyExamples/libDaisy/build\libdaisy.a(stm32h7xx_hal_gpio.o)
                0x08007500                HAL_GPIO_ReadPin
 .text.HAL_GPIO_WritePin
                0x0800750c        0x8 ../../DaisyExamples/libDaisy/build\libdaisy.a(stm32h7xx_hal_gpio.o)
                0x0800750c                HAL_GPIO_WritePin
 .text.HAL_HCD_IRQHandler
                0x08007514      0x780 ../../DaisyExamples/libDaisy/build\libdaisy.a(stm32h7xx_hal_hcd.o)
                0x08007514                HAL_HCD_IRQHandler
 .text.HAL_HCD_Stop
                0x08007c94       0x28 ../../DaisyExamples/libDaisy/build\libdaisy.a(stm32h7xx_hal_hcd.o)
                0x08007c94                HAL_HCD_Stop
 .text.I2C_WaitOnTXISFlagUntilTimeout
                0x08007cbc       0xb8 ../../DaisyExamples/libDaisy/build\libdaisy.a(stm32h7xx_hal_i2c.o)
 .text.I2C_WaitOnSTOPFlagUntilTimeout
                0x08007d74       0xac ../../DaisyExamples/libDaisy/build\libdaisy.a(stm32h7xx_hal_i2c.o)
 .text.HAL_I2C_Init
                0x08007e20       0xac ../../DaisyExamples/libDaisy/build\libdaisy.a(stm32h7xx_hal_i2c.o)
                0x08007e20                HAL_I2C_Init
 .text.HAL_I2C_Master_Transmit
                0x08007ecc      0x1a8 ../../DaisyExamples/libDaisy/build\libdaisy.a(stm32h7xx_hal_i2c.o)
                0x08007ecc                HAL_I2C_Master_Transmit
 .text.HAL_I2C_Slave_Transmit
                0x08008074      0x1c8 ../../DaisyExamples/libDaisy/build\libdaisy.a(stm32h7xx_hal_i2c.o)
                0x08008074                HAL_I2C_Slave_Transmit
 .text.HAL_I2C_EV_IRQHandler
                0x0800823c       0x10 ../../DaisyExamples/libDaisy/build\libdaisy.a(stm32h7xx_hal_i2c.o)
                0x0800823c                HAL_I2C_EV_IRQHandler
 .text.HAL_I2C_GetState
                0x0800824c        0x8 ../../DaisyExamples/libDaisy/build\libdaisy.a(stm32h7xx_hal_i2c.o)
                0x0800824c                HAL_I2C_GetState
 .text.HAL_I2CEx_ConfigAnalogFilter
                0x08008254       0x54 ../../DaisyExamples/libDaisy/build\libdaisy.a(stm32h7xx_hal_i2c_ex.o)
                0x08008254                HAL_I2CEx_ConfigAnalogFilter
 .text.HAL_I2CEx_ConfigDigitalFilter
                0x080082a8       0x58 ../../DaisyExamples/libDaisy/build\libdaisy.a(stm32h7xx_hal_i2c_ex.o)
                0x080082a8                HAL_I2CEx_ConfigDigitalFilter
 .text.HAL_PCD_IRQHandler
                0x08008300      0x69c ../../DaisyExamples/libDaisy/build\libdaisy.a(stm32h7xx_hal_pcd.o)
                0x08008300                HAL_PCD_IRQHandler
 .text.HAL_PCD_SetAddress
                0x0800899c       0x2c ../../DaisyExamples/libDaisy/build\libdaisy.a(stm32h7xx_hal_pcd.o)
                0x0800899c                HAL_PCD_SetAddress
 .text.HAL_PCD_EP_Open
                0x080089c8       0x7c ../../DaisyExamples/libDaisy/build\libdaisy.a(stm32h7xx_hal_pcd.o)
                0x080089c8                HAL_PCD_EP_Open
 .text.HAL_PCD_EP_Receive
                0x08008a44       0x50 ../../DaisyExamples/libDaisy/build\libdaisy.a(stm32h7xx_hal_pcd.o)
                0x08008a44                HAL_PCD_EP_Receive
 .text.HAL_PCD_EP_Transmit
                0x08008a94       0x50 ../../DaisyExamples/libDaisy/build\libdaisy.a(stm32h7xx_hal_pcd.o)
                0x08008a94                HAL_PCD_EP_Transmit
 .text.HAL_PCD_EP_SetStall
                0x08008ae4       0x88 ../../DaisyExamples/libDaisy/build\libdaisy.a(stm32h7xx_hal_pcd.o)
                0x08008ae4                HAL_PCD_EP_SetStall
 .text.HAL_PCD_EP_ClrStall
                0x08008b6c       0x78 ../../DaisyExamples/libDaisy/build\libdaisy.a(stm32h7xx_hal_pcd.o)
                0x08008b6c                HAL_PCD_EP_ClrStall
 .text.HAL_PCDEx_LPM_Callback
                0x08008be4        0x4 ../../DaisyExamples/libDaisy/build\libdaisy.a(stm32h7xx_hal_pcd_ex.o)
                0x08008be4                HAL_PCDEx_LPM_Callback
 .text.HAL_PWREx_ConfigSupply
                0x08008be8       0x4c ../../DaisyExamples/libDaisy/build\libdaisy.a(stm32h7xx_hal_pwr_ex.o)
                0x08008be8                HAL_PWREx_ConfigSupply
 .text.HAL_PWREx_EnableUSBVoltageDetector
                0x08008c34       0x10 ../../DaisyExamples/libDaisy/build\libdaisy.a(stm32h7xx_hal_pwr_ex.o)
                0x08008c34                HAL_PWREx_EnableUSBVoltageDetector
 .text.QSPI_Config
                0x08008c44      0x174 ../../DaisyExamples/libDaisy/build\libdaisy.a(stm32h7xx_hal_qspi.o)
 .text.HAL_QSPI_Init
                0x08008db8       0xd8 ../../DaisyExamples/libDaisy/build\libdaisy.a(stm32h7xx_hal_qspi.o)
                0x08008db8                HAL_QSPI_Init
 .text.HAL_QSPI_DeInit
                0x08008e90       0x3c ../../DaisyExamples/libDaisy/build\libdaisy.a(stm32h7xx_hal_qspi.o)
                0x08008e90                HAL_QSPI_DeInit
 .text.HAL_QSPI_Command
                0x08008ecc       0xd4 ../../DaisyExamples/libDaisy/build\libdaisy.a(stm32h7xx_hal_qspi.o)
                0x08008ecc                HAL_QSPI_Command
 .text.HAL_QSPI_Transmit
                0x08008fa0       0xfc ../../DaisyExamples/libDaisy/build\libdaisy.a(stm32h7xx_hal_qspi.o)
                0x08008fa0                HAL_QSPI_Transmit
 .text.HAL_QSPI_Receive
                0x0800909c      0x108 ../../DaisyExamples/libDaisy/build\libdaisy.a(stm32h7xx_hal_qspi.o)
                0x0800909c                HAL_QSPI_Receive
 .text.HAL_QSPI_AutoPolling
                0x080091a4       0xf0 ../../DaisyExamples/libDaisy/build\libdaisy.a(stm32h7xx_hal_qspi.o)
                0x080091a4                HAL_QSPI_AutoPolling
 .text.HAL_QSPI_MemoryMapped
                0x08009294       0xc0 ../../DaisyExamples/libDaisy/build\libdaisy.a(stm32h7xx_hal_qspi.o)
                0x08009294                HAL_QSPI_MemoryMapped
 .text.HAL_QSPI_ErrorCallback
                0x08009354        0x4 ../../DaisyExamples/libDaisy/build\libdaisy.a(stm32h7xx_hal_qspi.o)
                0x08009354                HAL_QSPI_ErrorCallback
 .text.QSPI_DMAAbortCplt
                0x08009358       0x38 ../../DaisyExamples/libDaisy/build\libdaisy.a(stm32h7xx_hal_qspi.o)
 .text.HAL_QSPI_AbortCpltCallback
                0x08009390        0x4 ../../DaisyExamples/libDaisy/build\libdaisy.a(stm32h7xx_hal_qspi.o)
                0x08009390                HAL_QSPI_AbortCpltCallback
 .text.HAL_QSPI_CmdCpltCallback
                0x08009394        0x4 ../../DaisyExamples/libDaisy/build\libdaisy.a(stm32h7xx_hal_qspi.o)
                0x08009394                HAL_QSPI_CmdCpltCallback
 .text.HAL_QSPI_RxCpltCallback
                0x08009398        0x4 ../../DaisyExamples/libDaisy/build\libdaisy.a(stm32h7xx_hal_qspi.o)
                0x08009398                HAL_QSPI_RxCpltCallback
 .text.HAL_QSPI_TxCpltCallback
                0x0800939c        0x4 ../../DaisyExamples/libDaisy/build\libdaisy.a(stm32h7xx_hal_qspi.o)
                0x0800939c                HAL_QSPI_TxCpltCallback
 .text.HAL_QSPI_FifoThresholdCallback
                0x080093a0        0x4 ../../DaisyExamples/libDaisy/build\libdaisy.a(stm32h7xx_hal_qspi.o)
                0x080093a0                HAL_QSPI_FifoThresholdCallback
 .text.HAL_QSPI_StatusMatchCallback
                0x080093a4        0x4 ../../DaisyExamples/libDaisy/build\libdaisy.a(stm32h7xx_hal_qspi.o)
                0x080093a4                HAL_QSPI_StatusMatchCallback
 .text.HAL_QSPI_TimeOutCallback
                0x080093a8        0x4 ../../DaisyExamples/libDaisy/build\libdaisy.a(stm32h7xx_hal_qspi.o)
                0x080093a8                HAL_QSPI_TimeOutCallback
 .text.HAL_QSPI_IRQHandler
                0x080093ac      0x210 ../../DaisyExamples/libDaisy/build\libdaisy.a(stm32h7xx_hal_qspi.o)
                0x080093ac                HAL_QSPI_IRQHandler
 .text.HAL_RCC_OscConfig
                0x080095bc      0x51c ../../DaisyExamples/libDaisy/build\libdaisy.a(stm32h7xx_hal_rcc.o)
                0x080095bc                HAL_RCC_OscConfig
 .text.HAL_RCC_GetSysClockFreq
                0x08009ad8      0x140 ../../DaisyExamples/libDaisy/build\libdaisy.a(stm32h7xx_hal_rcc.o)
                0x08009ad8                HAL_RCC_GetSysClockFreq
 .text.HAL_RCC_ClockConfig
                0x08009c18      0x234 ../../DaisyExamples/libDaisy/build\libdaisy.a(stm32h7xx_hal_rcc.o)
                0x08009c18                HAL_RCC_ClockConfig
 .text.HAL_RCC_GetHCLKFreq
                0x08009e4c       0x2c ../../DaisyExamples/libDaisy/build\libdaisy.a(stm32h7xx_hal_rcc.o)
                0x08009e4c                HAL_RCC_GetHCLKFreq
 .text.HAL_RCC_GetPCLK1Freq
                0x08009e78       0x38 ../../DaisyExamples/libDaisy/build\libdaisy.a(stm32h7xx_hal_rcc.o)
                0x08009e78                HAL_RCC_GetPCLK1Freq
 .text.RCCEx_PLL2_Config
                0x08009eb0       0xf4 ../../DaisyExamples/libDaisy/build\libdaisy.a(stm32h7xx_hal_rcc_ex.o)
 .text.RCCEx_PLL3_Config
                0x08009fa4       0xf4 ../../DaisyExamples/libDaisy/build\libdaisy.a(stm32h7xx_hal_rcc_ex.o)
 .text.HAL_RCCEx_PeriphCLKConfig
                0x0800a098      0xa7c ../../DaisyExamples/libDaisy/build\libdaisy.a(stm32h7xx_hal_rcc_ex.o)
                0x0800a098                HAL_RCCEx_PeriphCLKConfig
 .text.HAL_RCCEx_GetPLL2ClockFreq
                0x0800ab14      0x17c ../../DaisyExamples/libDaisy/build\libdaisy.a(stm32h7xx_hal_rcc_ex.o)
                0x0800ab14                HAL_RCCEx_GetPLL2ClockFreq
 .text.HAL_RCCEx_GetPLL3ClockFreq
                0x0800ac90      0x17c ../../DaisyExamples/libDaisy/build\libdaisy.a(stm32h7xx_hal_rcc_ex.o)
                0x0800ac90                HAL_RCCEx_GetPLL3ClockFreq
 .text.HAL_RCCEx_GetPLL1ClockFreq
                0x0800ae0c      0x17c ../../DaisyExamples/libDaisy/build\libdaisy.a(stm32h7xx_hal_rcc_ex.o)
                0x0800ae0c                HAL_RCCEx_GetPLL1ClockFreq
 .text.HAL_RCCEx_GetPeriphCLKFreq
                0x0800af88      0x198 ../../DaisyExamples/libDaisy/build\libdaisy.a(stm32h7xx_hal_rcc_ex.o)
                0x0800af88                HAL_RCCEx_GetPeriphCLKFreq
 .text.HAL_RCCEx_GetD1SysClockFreq
                0x0800b120       0x2c ../../DaisyExamples/libDaisy/build\libdaisy.a(stm32h7xx_hal_rcc_ex.o)
                0x0800b120                HAL_RCCEx_GetD1SysClockFreq
 .text.HAL_SAI_Init.part.0
                0x0800b14c      0x348 ../../DaisyExamples/libDaisy/build\libdaisy.a(stm32h7xx_hal_sai.o)
 .text.HAL_SAI_InitProtocol
                0x0800b494      0x178 ../../DaisyExamples/libDaisy/build\libdaisy.a(stm32h7xx_hal_sai.o)
                0x0800b494                HAL_SAI_InitProtocol
 .text.HAL_SAI_Transmit_DMA
                0x0800b60c      0x124 ../../DaisyExamples/libDaisy/build\libdaisy.a(stm32h7xx_hal_sai.o)
                0x0800b60c                HAL_SAI_Transmit_DMA
 .text.HAL_SAI_Receive_DMA
                0x0800b730       0xd0 ../../DaisyExamples/libDaisy/build\libdaisy.a(stm32h7xx_hal_sai.o)
                0x0800b730                HAL_SAI_Receive_DMA
 .text.HAL_SAI_TxCpltCallback
                0x0800b800        0x4 ../../DaisyExamples/libDaisy/build\libdaisy.a(stm32h7xx_hal_sai.o)
                0x0800b800                HAL_SAI_TxCpltCallback
 .text.SAI_DMATxCplt
                0x0800b804       0x64 ../../DaisyExamples/libDaisy/build\libdaisy.a(stm32h7xx_hal_sai.o)
 .text.HAL_SAI_TxHalfCpltCallback
                0x0800b868        0x4 ../../DaisyExamples/libDaisy/build\libdaisy.a(stm32h7xx_hal_sai.o)
                0x0800b868                HAL_SAI_TxHalfCpltCallback
 .text.SAI_DMATxHalfCplt
                0x0800b86c        0xc ../../DaisyExamples/libDaisy/build\libdaisy.a(stm32h7xx_hal_sai.o)
 .text.SAI_DMARxCplt
                0x0800b878       0x64 ../../DaisyExamples/libDaisy/build\libdaisy.a(stm32h7xx_hal_sai.o)
 .text.SAI_DMARxHalfCplt
                0x0800b8dc        0xc ../../DaisyExamples/libDaisy/build\libdaisy.a(stm32h7xx_hal_sai.o)
 .text.HAL_SAI_ErrorCallback
                0x0800b8e8        0x4 ../../DaisyExamples/libDaisy/build\libdaisy.a(stm32h7xx_hal_sai.o)
                0x0800b8e8                HAL_SAI_ErrorCallback
 .text.SAI_DMAError
                0x0800b8ec       0x6c ../../DaisyExamples/libDaisy/build\libdaisy.a(stm32h7xx_hal_sai.o)
 .text.HAL_SDRAM_Init
                0x0800b958       0x54 ../../DaisyExamples/libDaisy/build\libdaisy.a(stm32h7xx_hal_sdram.o)
                0x0800b958                HAL_SDRAM_Init
 .text.HAL_SDRAM_SendCommand
                0x0800b9ac       0x40 ../../DaisyExamples/libDaisy/build\libdaisy.a(stm32h7xx_hal_sdram.o)
                0x0800b9ac                HAL_SDRAM_SendCommand
 .text.HAL_SDRAM_ProgramRefreshRate
                0x0800b9ec       0x30 ../../DaisyExamples/libDaisy/build\libdaisy.a(stm32h7xx_hal_sdram.o)
                0x0800b9ec                HAL_SDRAM_ProgramRefreshRate
 .text.FMC_SDRAM_Init
                0x0800ba1c       0x7c ../../DaisyExamples/libDaisy/build\libdaisy.a(stm32h7xx_ll_fmc.o)
                0x0800ba1c                FMC_SDRAM_Init
 .text.FMC_SDRAM_Timing_Init
                0x0800ba98       0x98 ../../DaisyExamples/libDaisy/build\libdaisy.a(stm32h7xx_ll_fmc.o)
                0x0800ba98                FMC_SDRAM_Timing_Init
 .text.FMC_SDRAM_SendCommand
                0x0800bb30       0x28 ../../DaisyExamples/libDaisy/build\libdaisy.a(stm32h7xx_ll_fmc.o)
                0x0800bb30                FMC_SDRAM_SendCommand
 .text.FMC_SDRAM_ProgramRefreshRate
                0x0800bb58       0x1c ../../DaisyExamples/libDaisy/build\libdaisy.a(stm32h7xx_ll_fmc.o)
                0x0800bb58                FMC_SDRAM_ProgramRefreshRate
 .text.USB_SetTurnaroundTime
                0x0800bb74       0xf4 ../../DaisyExamples/libDaisy/build\libdaisy.a(stm32h7xx_ll_usb.o)
                0x0800bb74                USB_SetTurnaroundTime
 .text.USB_FlushTxFifo
                0x0800bc68       0x24 ../../DaisyExamples/libDaisy/build\libdaisy.a(stm32h7xx_ll_usb.o)
                0x0800bc68                USB_FlushTxFifo
 .text.USB_GetDevSpeed
                0x0800bc8c       0x18 ../../DaisyExamples/libDaisy/build\libdaisy.a(stm32h7xx_ll_usb.o)
                0x0800bc8c                USB_GetDevSpeed
 .text.USB_ActivateEndpoint
                0x0800bca4       0x90 ../../DaisyExamples/libDaisy/build\libdaisy.a(stm32h7xx_ll_usb.o)
                0x0800bca4                USB_ActivateEndpoint
 .text.USB_EPStartXfer
                0x0800bd34      0x230 ../../DaisyExamples/libDaisy/build\libdaisy.a(stm32h7xx_ll_usb.o)
                0x0800bd34                USB_EPStartXfer
 .text.USB_EP0StartXfer
                0x0800bf64      0x174 ../../DaisyExamples/libDaisy/build\libdaisy.a(stm32h7xx_ll_usb.o)
                0x0800bf64                USB_EP0StartXfer
 .text.USB_WritePacket
                0x0800c0d8       0x2c ../../DaisyExamples/libDaisy/build\libdaisy.a(stm32h7xx_ll_usb.o)
                0x0800c0d8                USB_WritePacket
 .text.USB_ReadPacket
                0x0800c104       0x20 ../../DaisyExamples/libDaisy/build\libdaisy.a(stm32h7xx_ll_usb.o)
                0x0800c104                USB_ReadPacket
 .text.USB_EPSetStall
                0x0800c124       0x68 ../../DaisyExamples/libDaisy/build\libdaisy.a(stm32h7xx_ll_usb.o)
                0x0800c124                USB_EPSetStall
 .text.USB_EPClearStall
                0x0800c18c       0x58 ../../DaisyExamples/libDaisy/build\libdaisy.a(stm32h7xx_ll_usb.o)
                0x0800c18c                USB_EPClearStall
 .text.USB_SetDevAddress
                0x0800c1e4       0x24 ../../DaisyExamples/libDaisy/build\libdaisy.a(stm32h7xx_ll_usb.o)
                0x0800c1e4                USB_SetDevAddress
 .text.USB_ReadInterrupts
                0x0800c208        0x8 ../../DaisyExamples/libDaisy/build\libdaisy.a(stm32h7xx_ll_usb.o)
                0x0800c208                USB_ReadInterrupts
 .text.USB_ReadDevAllOutEpInterrupt
                0x0800c210       0x10 ../../DaisyExamples/libDaisy/build\libdaisy.a(stm32h7xx_ll_usb.o)
                0x0800c210                USB_ReadDevAllOutEpInterrupt
 .text.USB_ReadDevAllInEpInterrupt
                0x0800c220       0x10 ../../DaisyExamples/libDaisy/build\libdaisy.a(stm32h7xx_ll_usb.o)
                0x0800c220                USB_ReadDevAllInEpInterrupt
 .text.USB_ReadDevOutEPInterrupt
                0x0800c230       0x14 ../../DaisyExamples/libDaisy/build\libdaisy.a(stm32h7xx_ll_usb.o)
                0x0800c230                USB_ReadDevOutEPInterrupt
 .text.USB_ReadDevInEPInterrupt
                0x0800c244       0x20 ../../DaisyExamples/libDaisy/build\libdaisy.a(stm32h7xx_ll_usb.o)
                0x0800c244                USB_ReadDevInEPInterrupt
 .text.USB_GetMode
                0x0800c264        0x8 ../../DaisyExamples/libDaisy/build\libdaisy.a(stm32h7xx_ll_usb.o)
                0x0800c264                USB_GetMode
 .text.USB_ActivateSetup
                0x0800c26c       0x38 ../../DaisyExamples/libDaisy/build\libdaisy.a(stm32h7xx_ll_usb.o)
                0x0800c26c                USB_ActivateSetup
 .text.USB_EP0_OutStart
                0x0800c2a4       0x58 ../../DaisyExamples/libDaisy/build\libdaisy.a(stm32h7xx_ll_usb.o)
                0x0800c2a4                USB_EP0_OutStart
 .text.USB_InitFSLSPClkSel
                0x0800c2fc       0x44 ../../DaisyExamples/libDaisy/build\libdaisy.a(stm32h7xx_ll_usb.o)
                0x0800c2fc                USB_InitFSLSPClkSel
 .text.USB_HC_ReadInterrupt
                0x0800c340        0x8 ../../DaisyExamples/libDaisy/build\libdaisy.a(stm32h7xx_ll_usb.o)
                0x0800c340                USB_HC_ReadInterrupt
 .text.USB_HC_Halt
                0x0800c348       0xb4 ../../DaisyExamples/libDaisy/build\libdaisy.a(stm32h7xx_ll_usb.o)
                0x0800c348                USB_HC_Halt
 .text.USB_StopHost
                0x0800c3fc      0x184 ../../DaisyExamples/libDaisy/build\libdaisy.a(stm32h7xx_ll_usb.o)
                0x0800c3fc                USB_StopHost
 .text.USBD_SetClassConfig
                0x0800c580       0x14 ../../DaisyExamples/libDaisy/build\libdaisy.a(usbd_core.o)
                0x0800c580                USBD_SetClassConfig
 .text.USBD_ClrClassConfig
                0x0800c594       0x10 ../../DaisyExamples/libDaisy/build\libdaisy.a(usbd_core.o)
                0x0800c594                USBD_ClrClassConfig
 .text.USBD_LL_SetupStage
                0x0800c5a4       0x5c ../../DaisyExamples/libDaisy/build\libdaisy.a(usbd_core.o)
                0x0800c5a4                USBD_LL_SetupStage
 .text.USBD_LL_DataOutStage
                0x0800c600       0x7c ../../DaisyExamples/libDaisy/build\libdaisy.a(usbd_core.o)
                0x0800c600                USBD_LL_DataOutStage
 .text.USBD_LL_DataInStage
                0x0800c67c       0xcc ../../DaisyExamples/libDaisy/build\libdaisy.a(usbd_core.o)
                0x0800c67c                USBD_LL_DataInStage
 .text.USBD_LL_Reset
                0x0800c748       0x50 ../../DaisyExamples/libDaisy/build\libdaisy.a(usbd_core.o)
                0x0800c748                USBD_LL_Reset
 .text.USBD_LL_SetSpeed
                0x0800c798        0x8 ../../DaisyExamples/libDaisy/build\libdaisy.a(usbd_core.o)
                0x0800c798                USBD_LL_SetSpeed
 .text.USBD_LL_Suspend
                0x0800c7a0       0x14 ../../DaisyExamples/libDaisy/build\libdaisy.a(usbd_core.o)
                0x0800c7a0                USBD_LL_Suspend
 .text.USBD_LL_Resume
                0x0800c7b4       0x10 ../../DaisyExamples/libDaisy/build\libdaisy.a(usbd_core.o)
                0x0800c7b4                USBD_LL_Resume
 .text.USBD_LL_SOF
                0x0800c7c4       0x1c ../../DaisyExamples/libDaisy/build\libdaisy.a(usbd_core.o)
                0x0800c7c4                USBD_LL_SOF
 .text.USBD_LL_IsoINIncomplete
                0x0800c7e0        0x4 ../../DaisyExamples/libDaisy/build\libdaisy.a(usbd_core.o)
                0x0800c7e0                USBD_LL_IsoINIncomplete
 .text.USBD_LL_IsoOUTIncomplete
                0x0800c7e4        0x4 ../../DaisyExamples/libDaisy/build\libdaisy.a(usbd_core.o)
                0x0800c7e4                USBD_LL_IsoOUTIncomplete
 .text.USBD_LL_DevConnected
                0x0800c7e8        0x4 ../../DaisyExamples/libDaisy/build\libdaisy.a(usbd_core.o)
                0x0800c7e8                USBD_LL_DevConnected
 .text.USBD_LL_DevDisconnected
                0x0800c7ec       0x18 ../../DaisyExamples/libDaisy/build\libdaisy.a(usbd_core.o)
                0x0800c7ec                USBD_LL_DevDisconnected
 .text.USBD_StdDevReq
                0x0800c804      0x304 ../../DaisyExamples/libDaisy/build\libdaisy.a(usbd_ctlreq.o)
                0x0800c804                USBD_StdDevReq
 .text.USBD_StdItfReq
                0x0800cb08       0x68 ../../DaisyExamples/libDaisy/build\libdaisy.a(usbd_ctlreq.o)
                0x0800cb08                USBD_StdItfReq
 .text.USBD_StdEPReq
                0x0800cb70      0x13c ../../DaisyExamples/libDaisy/build\libdaisy.a(usbd_ctlreq.o)
                0x0800cb70                USBD_StdEPReq
 .text.USBD_ParseSetupRequest
                0x0800ccac       0x28 ../../DaisyExamples/libDaisy/build\libdaisy.a(usbd_ctlreq.o)
                0x0800ccac                USBD_ParseSetupRequest
 .text.USBD_CtlSendData
                0x0800ccd4       0x1c ../../DaisyExamples/libDaisy/build\libdaisy.a(usbd_ioreq.o)
                0x0800ccd4                USBD_CtlSendData
 .text.USBD_CtlContinueSendData
                0x0800ccf0       0x14 ../../DaisyExamples/libDaisy/build\libdaisy.a(usbd_ioreq.o)
                0x0800ccf0                USBD_CtlContinueSendData
 .text.USBD_CtlContinueRx
                0x0800cd04       0x14 ../../DaisyExamples/libDaisy/build\libdaisy.a(usbd_ioreq.o)
                0x0800cd04                USBD_CtlContinueRx
 .text.USBD_CtlSendStatus
                0x0800cd18       0x18 ../../DaisyExamples/libDaisy/build\libdaisy.a(usbd_ioreq.o)
                0x0800cd18                USBD_CtlSendStatus
 .text.USBD_CtlReceiveStatus
                0x0800cd30       0x18 ../../DaisyExamples/libDaisy/build\libdaisy.a(usbd_ioreq.o)
                0x0800cd30                USBD_CtlReceiveStatus
 .text.USBH_LL_IncTimer
                0x0800cd48       0x20 ../../DaisyExamples/libDaisy/build\libdaisy.a(usbh_core.o)
                0x0800cd48                USBH_LL_IncTimer
 .text.USBH_LL_PortEnabled
                0x0800cd68        0x8 ../../DaisyExamples/libDaisy/build\libdaisy.a(usbh_core.o)
                0x0800cd68                USBH_LL_PortEnabled
 .text.USBH_LL_PortDisabled
                0x0800cd70        0x8 ../../DaisyExamples/libDaisy/build\libdaisy.a(usbh_core.o)
                0x0800cd70                USBH_LL_PortDisabled
 .text.USBH_LL_Connect
                0x0800cd78       0x18 ../../DaisyExamples/libDaisy/build\libdaisy.a(usbh_core.o)
                0x0800cd78                USBH_LL_Connect
 .text.USBH_LL_Disconnect
                0x0800cd90       0x2c ../../DaisyExamples/libDaisy/build\libdaisy.a(usbh_core.o)
                0x0800cd90                USBH_LL_Disconnect
 .text.USBH_FreePipe
                0x0800cdbc       0x18 ../../DaisyExamples/libDaisy/build\libdaisy.a(usbh_pipes.o)
                0x0800cdbc                USBH_FreePipe
 .text._ZN5daisy6Random4InitEv
                0x0800cdd4       0x3c ../../DaisyExamples/libDaisy/build\libdaisy.a(rng.o)
                0x0800cdd4                daisy::Random::Init()
 .text._ZN5daisy9SpiHandle4Impl7InitDmaEv
                0x0800ce10       0xec ../../DaisyExamples/libDaisy/build\libdaisy.a(spi.o)
                0x0800ce10                daisy::SpiHandle::Impl::InitDma()
 .text._ZN5daisy9SpiHandle4Impl10StartDmaTxEPhjPFvPvEPFvS3_NS0_6ResultEES3_
                0x0800cefc       0xc8 ../../DaisyExamples/libDaisy/build\libdaisy.a(spi.o)
                0x0800cefc                daisy::SpiHandle::Impl::StartDmaTx(unsigned char*, unsigned int, void (*)(void*), void (*)(void*, daisy::SpiHandle::Result), void*)
 .text._ZN5daisy9SpiHandle4Impl10StartDmaRxEPhjPFvPvEPFvS3_NS0_6ResultEES3_
                0x0800cfc4       0xc8 ../../DaisyExamples/libDaisy/build\libdaisy.a(spi.o)
                0x0800cfc4                daisy::SpiHandle::Impl::StartDmaRx(unsigned char*, unsigned int, void (*)(void*), void (*)(void*, daisy::SpiHandle::Result), void*)
 .text._ZN5daisy9SpiHandle4Impl12StartDmaRxTxEPhS2_jPFvPvEPFvS3_NS0_6ResultEES3_
                0x0800d08c       0xcc ../../DaisyExamples/libDaisy/build\libdaisy.a(spi.o)
                0x0800d08c                daisy::SpiHandle::Impl::StartDmaRxTx(unsigned char*, unsigned char*, unsigned int, void (*)(void*), void (*)(void*, daisy::SpiHandle::Result), void*)
 .text._ZN5daisy9SpiHandle4Impl8InitPinsEv
                0x0800d158      0x274 ../../DaisyExamples/libDaisy/build\libdaisy.a(spi.o)
                0x0800d158                daisy::SpiHandle::Impl::InitPins()
 .text.HAL_SPI_MspInit
                0x0800d3cc      0x1a8 ../../DaisyExamples/libDaisy/build\libdaisy.a(spi.o)
                0x0800d3cc                HAL_SPI_MspInit
 .text.dsy_spi_global_init
                0x0800d574       0x80 ../../DaisyExamples/libDaisy/build\libdaisy.a(spi.o)
                0x0800d574                dsy_spi_global_init
 .text.SPI1_IRQHandler
                0x0800d5f4        0xc ../../DaisyExamples/libDaisy/build\libdaisy.a(spi.o)
                0x0800d5f4                SPI1_IRQHandler
 .text.DMA2_Stream2_IRQHandler
                0x0800d600       0x34 ../../DaisyExamples/libDaisy/build\libdaisy.a(spi.o)
                0x0800d600                DMA2_Stream2_IRQHandler
 .text.DMA2_Stream3_IRQHandler
                0x0800d634       0x38 ../../DaisyExamples/libDaisy/build\libdaisy.a(spi.o)
                0x0800d634                DMA2_Stream3_IRQHandler
 .text.HAL_SPI_TxCpltCallback
                0x0800d66c       0xc4 ../../DaisyExamples/libDaisy/build\libdaisy.a(spi.o)
                0x0800d66c                HAL_SPI_TxCpltCallback
 .text.HAL_SPI_RxCpltCallback
                0x0800d730       0xc4 ../../DaisyExamples/libDaisy/build\libdaisy.a(spi.o)
                0x0800d730                HAL_SPI_RxCpltCallback
 .text.HAL_SPI_TxRxCpltCallback
                0x0800d7f4       0xc4 ../../DaisyExamples/libDaisy/build\libdaisy.a(spi.o)
                0x0800d7f4                HAL_SPI_TxRxCpltCallback
 .text.HAL_SPI_ErrorCallback
                0x0800d8b8       0xc8 ../../DaisyExamples/libDaisy/build\libdaisy.a(spi.o)
                0x0800d8b8                HAL_SPI_ErrorCallback
 .text.startup._GLOBAL__sub_I__Z19MapInstanceToHandleP11SPI_TypeDef
                0x0800d980      0x1b0 ../../DaisyExamples/libDaisy/build\libdaisy.a(spi.o)
 .text.HAL_TIM_Base_MspInit
                0x0800db30       0xcc ../../DaisyExamples/libDaisy/build\libdaisy.a(tim.o)
                0x0800db30                HAL_TIM_Base_MspInit
 .text._ZN5daisy11TimerHandle4InitERKNS0_6ConfigE
                0x0800dbfc       0xc4 ../../DaisyExamples/libDaisy/build\libdaisy.a(tim.o)
                0x0800dbfc                daisy::TimerHandle::Init(daisy::TimerHandle::Config const&)
 .text._ZN5daisy11TimerHandle5StartEv
                0x0800dcc0       0x14 ../../DaisyExamples/libDaisy/build\libdaisy.a(tim.o)
                0x0800dcc0                daisy::TimerHandle::Start()
 .text.dsy_dma_init
                0x0800dcd4       0xf0 ../../DaisyExamples/libDaisy/build\libdaisy.a(dma.o)
                0x0800dcd4                dsy_dma_init
 .text.HAL_MDMA_Abort_IT
                0x0800ddc4       0x2c ../../DaisyExamples/libDaisy/build\libdaisy.a(stm32h7xx_hal_mdma.o)
                0x0800ddc4                HAL_MDMA_Abort_IT
 .text.SPI_CloseTransfer
                0x0800ddf0       0xb8 ../../DaisyExamples/libDaisy/build\libdaisy.a(stm32h7xx_hal_spi.o)
 .text.HAL_SPI_Init
                0x0800dea8      0x15c ../../DaisyExamples/libDaisy/build\libdaisy.a(stm32h7xx_hal_spi.o)
                0x0800dea8                HAL_SPI_Init
 .text.HAL_SPI_Transmit_DMA
                0x0800e004      0x170 ../../DaisyExamples/libDaisy/build\libdaisy.a(stm32h7xx_hal_spi.o)
                0x0800e004                HAL_SPI_Transmit_DMA
 .text.HAL_SPI_TransmitReceive_DMA
                0x0800e174      0x218 ../../DaisyExamples/libDaisy/build\libdaisy.a(stm32h7xx_hal_spi.o)
                0x0800e174                HAL_SPI_TransmitReceive_DMA
 .text.HAL_SPI_Receive_DMA
                0x0800e38c      0x1b4 ../../DaisyExamples/libDaisy/build\libdaisy.a(stm32h7xx_hal_spi.o)
                0x0800e38c                HAL_SPI_Receive_DMA
 .text.SPI_DMATransmitCplt
                0x0800e540       0x28 ../../DaisyExamples/libDaisy/build\libdaisy.a(stm32h7xx_hal_spi.o)
 .text.SPI_DMAReceiveCplt
                0x0800e568       0x28 ../../DaisyExamples/libDaisy/build\libdaisy.a(stm32h7xx_hal_spi.o)
 .text.SPI_DMATransmitReceiveCplt
                0x0800e590       0x28 ../../DaisyExamples/libDaisy/build\libdaisy.a(stm32h7xx_hal_spi.o)
 .text.HAL_SPI_TxHalfCpltCallback
                0x0800e5b8        0x4 ../../DaisyExamples/libDaisy/build\libdaisy.a(stm32h7xx_hal_spi.o)
                0x0800e5b8                HAL_SPI_TxHalfCpltCallback
 .text.SPI_DMAHalfTransmitCplt
                0x0800e5bc        0xc ../../DaisyExamples/libDaisy/build\libdaisy.a(stm32h7xx_hal_spi.o)
 .text.HAL_SPI_RxHalfCpltCallback
                0x0800e5c8        0x4 ../../DaisyExamples/libDaisy/build\libdaisy.a(stm32h7xx_hal_spi.o)
                0x0800e5c8                HAL_SPI_RxHalfCpltCallback
 .text.SPI_DMAHalfReceiveCplt
                0x0800e5cc        0xc ../../DaisyExamples/libDaisy/build\libdaisy.a(stm32h7xx_hal_spi.o)
 .text.HAL_SPI_TxRxHalfCpltCallback
                0x0800e5d8        0x4 ../../DaisyExamples/libDaisy/build\libdaisy.a(stm32h7xx_hal_spi.o)
                0x0800e5d8                HAL_SPI_TxRxHalfCpltCallback
 .text.SPI_DMAHalfTransmitReceiveCplt
                0x0800e5dc        0xc ../../DaisyExamples/libDaisy/build\libdaisy.a(stm32h7xx_hal_spi.o)
 .text.SPI_DMAError
                0x0800e5e8       0xd8 ../../DaisyExamples/libDaisy/build\libdaisy.a(stm32h7xx_hal_spi.o)
 .text.HAL_SPI_IRQHandler
                0x0800e6c0      0x23c ../../DaisyExamples/libDaisy/build\libdaisy.a(stm32h7xx_hal_spi.o)
                0x0800e6c0                HAL_SPI_IRQHandler
 .text.SPI_DMAAbortOnError
                0x0800e8fc       0x1c ../../DaisyExamples/libDaisy/build\libdaisy.a(stm32h7xx_hal_spi.o)
 .text.HAL_SPI_GetState
                0x0800e918        0x8 ../../DaisyExamples/libDaisy/build\libdaisy.a(stm32h7xx_hal_spi.o)
                0x0800e918                HAL_SPI_GetState
 .text.HAL_TIM_Base_Init
                0x0800e920      0x140 ../../DaisyExamples/libDaisy/build\libdaisy.a(stm32h7xx_hal_tim.o)
                0x0800e920                HAL_TIM_Base_Init
 .text.HAL_TIM_Base_Start
                0x0800ea60       0x34 ../../DaisyExamples/libDaisy/build\libdaisy.a(stm32h7xx_hal_tim.o)
                0x0800ea60                HAL_TIM_Base_Start
 .text.HAL_TIM_ConfigClockSource
                0x0800ea94      0x17c ../../DaisyExamples/libDaisy/build\libdaisy.a(stm32h7xx_hal_tim.o)
                0x0800ea94                HAL_TIM_ConfigClockSource
 .text.HAL_TIMEx_MasterConfigSynchronization
                0x0800ec10       0x64 ../../DaisyExamples/libDaisy/build\libdaisy.a(stm32h7xx_hal_tim_ex.o)
                0x0800ec10                HAL_TIMEx_MasterConfigSynchronization
 .text.__aeabi_atexit
                0x0800ec74        0xa c:/users/guita/documents/daisytoolchain-0.3.3/windows/bin/../lib/gcc/arm-none-eabi/10.2.1/../../../../arm-none-eabi/lib/thumb/v7e-m+dp/hard\libstdc++_nano.a(atexit_arm.o)
                0x0800ec74                __aeabi_atexit
 .text._ZNK10__cxxabiv117__class_type_info11__do_upcastEPKS0_PPv
                0x0800ec7e       0x32 c:/users/guita/documents/daisytoolchain-0.3.3/windows/bin/../lib/gcc/arm-none-eabi/10.2.1/../../../../arm-none-eabi/lib/thumb/v7e-m+dp/hard\libstdc++_nano.a(class_type_info.o)
                0x0800ec7e                __cxxabiv1::__class_type_info::__do_upcast(__cxxabiv1::__class_type_info const*, void**) const
 .text._ZNK10__cxxabiv117__class_type_info20__do_find_public_srcEiPKvPKS0_S2_
                0x0800ecb0        0xc c:/users/guita/documents/daisytoolchain-0.3.3/windows/bin/../lib/gcc/arm-none-eabi/10.2.1/../../../../arm-none-eabi/lib/thumb/v7e-m+dp/hard\libstdc++_nano.a(class_type_info.o)
                0x0800ecb0                __cxxabiv1::__class_type_info::__do_find_public_src(int, void const*, __cxxabiv1::__class_type_info const*, void const*) const
 .text._ZN10__cxxabiv117__class_type_infoD2Ev
                0x0800ecbc       0x14 c:/users/guita/documents/daisytoolchain-0.3.3/windows/bin/../lib/gcc/arm-none-eabi/10.2.1/../../../../arm-none-eabi/lib/thumb/v7e-m+dp/hard\libstdc++_nano.a(class_type_info.o)
                0x0800ecbc                __cxxabiv1::__class_type_info::~__class_type_info()
                0x0800ecbc                __cxxabiv1::__class_type_info::~__class_type_info()
 .text._ZN10__cxxabiv117__class_type_infoD0Ev
                0x0800ecd0       0x14 c:/users/guita/documents/daisytoolchain-0.3.3/windows/bin/../lib/gcc/arm-none-eabi/10.2.1/../../../../arm-none-eabi/lib/thumb/v7e-m+dp/hard\libstdc++_nano.a(class_type_info.o)
                0x0800ecd0                __cxxabiv1::__class_type_info::~__class_type_info()
 .text._ZNK10__cxxabiv117__class_type_info12__do_dyncastEiNS0_10__sub_kindEPKS0_PKvS3_S5_RNS0_16__dyncast_resultE
                0x0800ece4       0x3e c:/users/guita/documents/daisytoolchain-0.3.3/windows/bin/../lib/gcc/arm-none-eabi/10.2.1/../../../../arm-none-eabi/lib/thumb/v7e-m+dp/hard\libstdc++_nano.a(class_type_info.o)
                0x0800ece4                __cxxabiv1::__class_type_info::__do_dyncast(int, __cxxabiv1::__class_type_info::__sub_kind, __cxxabiv1::__class_type_info const*, void const*, __cxxabiv1::__class_type_info const*, void const*, __cxxabiv1::__class_type_info::__dyncast_result&) const
 .text._ZNK10__cxxabiv117__class_type_info11__do_upcastEPKS0_PKvRNS0_15__upcast_resultE
                0x0800ed22       0x18 c:/users/guita/documents/daisytoolchain-0.3.3/windows/bin/../lib/gcc/arm-none-eabi/10.2.1/../../../../arm-none-eabi/lib/thumb/v7e-m+dp/hard\libstdc++_nano.a(class_type_info.o)
                0x0800ed22                __cxxabiv1::__class_type_info::__do_upcast(__cxxabiv1::__class_type_info const*, void const*, __cxxabiv1::__class_type_info::__upcast_result&) const
 .text._ZNK10__cxxabiv117__class_type_info10__do_catchEPKSt9type_infoPPvj
                0x0800ed3a       0x2a c:/users/guita/documents/daisytoolchain-0.3.3/windows/bin/../lib/gcc/arm-none-eabi/10.2.1/../../../../arm-none-eabi/lib/thumb/v7e-m+dp/hard\libstdc++_nano.a(class_type_info.o)
                0x0800ed3a                __cxxabiv1::__class_type_info::__do_catch(std::type_info const*, void**, unsigned int) const
 .text._ZdlPvj  0x0800ed64        0x4 c:/users/guita/documents/daisytoolchain-0.3.3/windows/bin/../lib/gcc/arm-none-eabi/10.2.1/../../../../arm-none-eabi/lib/thumb/v7e-m+dp/hard\libstdc++_nano.a(del_ops.o)
                0x0800ed64                operator delete(void*, unsigned int)
 .text._ZN10__cxxabiv120__si_class_type_infoD2Ev
                0x0800ed68       0x14 c:/users/guita/documents/daisytoolchain-0.3.3/windows/bin/../lib/gcc/arm-none-eabi/10.2.1/../../../../arm-none-eabi/lib/thumb/v7e-m+dp/hard\libstdc++_nano.a(si_class_type_info.o)
                0x0800ed68                __cxxabiv1::__si_class_type_info::~__si_class_type_info()
                0x0800ed68                __cxxabiv1::__si_class_type_info::~__si_class_type_info()
 .text._ZN10__cxxabiv120__si_class_type_infoD0Ev
                0x0800ed7c       0x14 c:/users/guita/documents/daisytoolchain-0.3.3/windows/bin/../lib/gcc/arm-none-eabi/10.2.1/../../../../arm-none-eabi/lib/thumb/v7e-m+dp/hard\libstdc++_nano.a(si_class_type_info.o)
                0x0800ed7c                __cxxabiv1::__si_class_type_info::~__si_class_type_info()
 .text._ZNK10__cxxabiv120__si_class_type_info20__do_find_public_srcEiPKvPKNS_17__class_type_infoES2_
                0x0800ed90       0x38 c:/users/guita/documents/daisytoolchain-0.3.3/windows/bin/../lib/gcc/arm-none-eabi/10.2.1/../../../../arm-none-eabi/lib/thumb/v7e-m+dp/hard\libstdc++_nano.a(si_class_type_info.o)
                0x0800ed90                __cxxabiv1::__si_class_type_info::__do_find_public_src(int, void const*, __cxxabiv1::__class_type_info const*, void const*) const
 .text._ZNK10__cxxabiv120__si_class_type_info12__do_dyncastEiNS_17__class_type_info10__sub_kindEPKS1_PKvS4_S6_RNS1_16__dyncast_resultE
                0x0800edc8       0x74 c:/users/guita/documents/daisytoolchain-0.3.3/windows/bin/../lib/gcc/arm-none-eabi/10.2.1/../../../../arm-none-eabi/lib/thumb/v7e-m+dp/hard\libstdc++_nano.a(si_class_type_info.o)
                0x0800edc8                __cxxabiv1::__si_class_type_info::__do_dyncast(int, __cxxabiv1::__class_type_info::__sub_kind, __cxxabiv1::__class_type_info const*, void const*, __cxxabiv1::__class_type_info const*, void const*, __cxxabiv1::__class_type_info::__dyncast_result&) const
 .text._ZNK10__cxxabiv120__si_class_type_info11__do_upcastEPKNS_17__class_type_infoEPKvRNS1_15__upcast_resultE
                0x0800ee3c       0x2a c:/users/guita/documents/daisytoolchain-0.3.3/windows/bin/../lib/gcc/arm-none-eabi/10.2.1/../../../../arm-none-eabi/lib/thumb/v7e-m+dp/hard\libstdc++_nano.a(si_class_type_info.o)
                0x0800ee3c                __cxxabiv1::__si_class_type_info::__do_upcast(__cxxabiv1::__class_type_info const*, void const*, __cxxabiv1::__class_type_info::__upcast_result&) const
 .text._ZNSt9type_infoD2Ev
                0x0800ee66        0x2 c:/users/guita/documents/daisytoolchain-0.3.3/windows/bin/../lib/gcc/arm-none-eabi/10.2.1/../../../../arm-none-eabi/lib/thumb/v7e-m+dp/hard\libstdc++_nano.a(tinfo.o)
                0x0800ee66                std::type_info::~type_info()
                0x0800ee66                std::type_info::~type_info()
 .text._ZNKSt9type_info14__is_pointer_pEv
                0x0800ee68        0x4 c:/users/guita/documents/daisytoolchain-0.3.3/windows/bin/../lib/gcc/arm-none-eabi/10.2.1/../../../../arm-none-eabi/lib/thumb/v7e-m+dp/hard\libstdc++_nano.a(tinfo.o)
                0x0800ee68                std::type_info::__is_pointer_p() const
                0x0800ee68                std::type_info::__is_function_p() const
 .text._ZNKSt9type_infoeqERKS_
                0x0800ee6c       0x2c c:/users/guita/documents/daisytoolchain-0.3.3/windows/bin/../lib/gcc/arm-none-eabi/10.2.1/../../../../arm-none-eabi/lib/thumb/v7e-m+dp/hard\libstdc++_nano.a(tinfo.o)
                0x0800ee6c                std::type_info::operator==(std::type_info const&) const
 .text._ZdlPv   0x0800ee98        0x4 c:/users/guita/documents/daisytoolchain-0.3.3/windows/bin/../lib/gcc/arm-none-eabi/10.2.1/../../../../arm-none-eabi/lib/thumb/v7e-m+dp/hard\libstdc++_nano.a(del_op.o)
                0x0800ee98                operator delete(void*)
 *fill*         0x0800ee9c        0x4 
 .text.exp      0x0800eea0      0x1b4 c:/users/guita/documents/daisytoolchain-0.3.3/windows/bin/../lib/gcc/arm-none-eabi/10.2.1/../../../../arm-none-eabi/lib/thumb/v7e-m+dp/hard\libm.a(lib_a-exp.o)
                0x0800eea0                exp
 .text.with_errno
                0x0800f054       0x18 c:/users/guita/documents/daisytoolchain-0.3.3/windows/bin/../lib/gcc/arm-none-eabi/10.2.1/../../../../arm-none-eabi/lib/thumb/v7e-m+dp/hard\libm.a(lib_a-math_err.o)
 .text.xflow    0x0800f06c       0x24 c:/users/guita/documents/daisytoolchain-0.3.3/windows/bin/../lib/gcc/arm-none-eabi/10.2.1/../../../../arm-none-eabi/lib/thumb/v7e-m+dp/hard\libm.a(lib_a-math_err.o)
 .text.__math_uflow
                0x0800f090       0x10 c:/users/guita/documents/daisytoolchain-0.3.3/windows/bin/../lib/gcc/arm-none-eabi/10.2.1/../../../../arm-none-eabi/lib/thumb/v7e-m+dp/hard\libm.a(lib_a-math_err.o)
                0x0800f090                __math_uflow
 .text.__math_oflow
                0x0800f0a0       0x10 c:/users/guita/documents/daisytoolchain-0.3.3/windows/bin/../lib/gcc/arm-none-eabi/10.2.1/../../../../arm-none-eabi/lib/thumb/v7e-m+dp/hard\libm.a(lib_a-math_err.o)
                0x0800f0a0                __math_oflow
 .text.__math_divzero
                0x0800f0b0       0x30 c:/users/guita/documents/daisytoolchain-0.3.3/windows/bin/../lib/gcc/arm-none-eabi/10.2.1/../../../../arm-none-eabi/lib/thumb/v7e-m+dp/hard\libm.a(lib_a-math_err.o)
                0x0800f0b0                __math_divzero
 .text.__math_invalid
                0x0800f0e0       0x20 c:/users/guita/documents/daisytoolchain-0.3.3/windows/bin/../lib/gcc/arm-none-eabi/10.2.1/../../../../arm-none-eabi/lib/thumb/v7e-m+dp/hard\libm.a(lib_a-math_err.o)
                0x0800f0e0                __math_invalid
 .text.__math_check_uflow
                0x0800f100       0x14 c:/users/guita/documents/daisytoolchain-0.3.3/windows/bin/../lib/gcc/arm-none-eabi/10.2.1/../../../../arm-none-eabi/lib/thumb/v7e-m+dp/hard\libm.a(lib_a-math_err.o)
                0x0800f100                __math_check_uflow
 *fill*         0x0800f114        0x4 
 .text.__math_check_oflow
                0x0800f118       0x28 c:/users/guita/documents/daisytoolchain-0.3.3/windows/bin/../lib/gcc/arm-none-eabi/10.2.1/../../../../arm-none-eabi/lib/thumb/v7e-m+dp/hard\libm.a(lib_a-math_err.o)
                0x0800f118                __math_check_oflow
 .text.pow      0x0800f140      0x594 c:/users/guita/documents/daisytoolchain-0.3.3/windows/bin/../lib/gcc/arm-none-eabi/10.2.1/../../../../arm-none-eabi/lib/thumb/v7e-m+dp/hard\libm.a(lib_a-pow.o)
                0x0800f140                pow
 *fill*         0x0800f6d4        0x4 
 .text.cos      0x0800f6d8       0x80 c:/users/guita/documents/daisytoolchain-0.3.3/windows/bin/../lib/gcc/arm-none-eabi/10.2.1/../../../../arm-none-eabi/lib/thumb/v7e-m+dp/hard\libm.a(lib_a-s_cos.o)
                0x0800f6d8                cos
 .text.tan      0x0800f758       0x60 c:/users/guita/documents/daisytoolchain-0.3.3/windows/bin/../lib/gcc/arm-none-eabi/10.2.1/../../../../arm-none-eabi/lib/thumb/v7e-m+dp/hard\libm.a(lib_a-s_tan.o)
                0x0800f758                tan
 .text.tanh     0x0800f7b8       0xc0 c:/users/guita/documents/daisytoolchain-0.3.3/windows/bin/../lib/gcc/arm-none-eabi/10.2.1/../../../../arm-none-eabi/lib/thumb/v7e-m+dp/hard\libm.a(lib_a-s_tanh.o)
                0x0800f7b8                tanh
 .text.log10    0x0800f878       0x70 c:/users/guita/documents/daisytoolchain-0.3.3/windows/bin/../lib/gcc/arm-none-eabi/10.2.1/../../../../arm-none-eabi/lib/thumb/v7e-m+dp/hard\libm.a(lib_a-w_log10.o)
                0x0800f878                log10
 .text.__ieee754_log10
                0x0800f8e8      0x10c c:/users/guita/documents/daisytoolchain-0.3.3/windows/bin/../lib/gcc/arm-none-eabi/10.2.1/../../../../arm-none-eabi/lib/thumb/v7e-m+dp/hard\libm.a(lib_a-e_log10.o)
                0x0800f8e8                __ieee754_log10
 *fill*         0x0800f9f4        0x4 
 .text.__ieee754_rem_pio2
                0x0800f9f8      0x294 c:/users/guita/documents/daisytoolchain-0.3.3/windows/bin/../lib/gcc/arm-none-eabi/10.2.1/../../../../arm-none-eabi/lib/thumb/v7e-m+dp/hard\libm.a(lib_a-e_rem_pio2.o)
                0x0800f9f8                __ieee754_rem_pio2
 *fill*         0x0800fc8c        0x4 
 .text.__kernel_cos
                0x0800fc90      0x130 c:/users/guita/documents/daisytoolchain-0.3.3/windows/bin/../lib/gcc/arm-none-eabi/10.2.1/../../../../arm-none-eabi/lib/thumb/v7e-m+dp/hard\libm.a(lib_a-k_cos.o)
                0x0800fc90                __kernel_cos
 .text.__kernel_rem_pio2
                0x0800fdc0      0x6b0 c:/users/guita/documents/daisytoolchain-0.3.3/windows/bin/../lib/gcc/arm-none-eabi/10.2.1/../../../../arm-none-eabi/lib/thumb/v7e-m+dp/hard\libm.a(lib_a-k_rem_pio2.o)
                0x0800fdc0                __kernel_rem_pio2
 .text.__kernel_sin
                0x08010470       0xb0 c:/users/guita/documents/daisytoolchain-0.3.3/windows/bin/../lib/gcc/arm-none-eabi/10.2.1/../../../../arm-none-eabi/lib/thumb/v7e-m+dp/hard\libm.a(lib_a-k_sin.o)
                0x08010470                __kernel_sin
 .text.__kernel_tan
                0x08010520      0x210 c:/users/guita/documents/daisytoolchain-0.3.3/windows/bin/../lib/gcc/arm-none-eabi/10.2.1/../../../../arm-none-eabi/lib/thumb/v7e-m+dp/hard\libm.a(lib_a-k_tan.o)
                0x08010520                __kernel_tan
 .text.log      0x08010730      0x200 c:/users/guita/documents/daisytoolchain-0.3.3/windows/bin/../lib/gcc/arm-none-eabi/10.2.1/../../../../arm-none-eabi/lib/thumb/v7e-m+dp/hard\libm.a(lib_a-log.o)
                0x08010730                log
 .text.expm1    0x08010930      0x2e8 c:/users/guita/documents/daisytoolchain-0.3.3/windows/bin/../lib/gcc/arm-none-eabi/10.2.1/../../../../arm-none-eabi/lib/thumb/v7e-m+dp/hard\libm.a(lib_a-s_expm1.o)
                0x08010930                expm1
 .text.fabs     0x08010c18       0x14 c:/users/guita/documents/daisytoolchain-0.3.3/windows/bin/../lib/gcc/arm-none-eabi/10.2.1/../../../../arm-none-eabi/lib/thumb/v7e-m+dp/hard\libm.a(lib_a-s_fabs.o)
                0x08010c18                fabs
 *fill*         0x08010c2c        0x4 
 .text.floor    0x08010c30      0x108 c:/users/guita/documents/daisytoolchain-0.3.3/windows/bin/../lib/gcc/arm-none-eabi/10.2.1/../../../../arm-none-eabi/lib/thumb/v7e-m+dp/hard\libm.a(lib_a-s_floor.o)
                0x08010c30                floor
 .text.nan      0x08010d38       0x10 c:/users/guita/documents/daisytoolchain-0.3.3/windows/bin/../lib/gcc/arm-none-eabi/10.2.1/../../../../arm-none-eabi/lib/thumb/v7e-m+dp/hard\libm.a(lib_a-s_nan.o)
                0x08010d38                nan
 .text.scalbn   0x08010d48      0x10c c:/users/guita/documents/daisytoolchain-0.3.3/windows/bin/../lib/gcc/arm-none-eabi/10.2.1/../../../../arm-none-eabi/lib/thumb/v7e-m+dp/hard\libm.a(lib_a-s_scalbn.o)
                0x08010d48                scalbn
 .text.__cxa_atexit
                0x08010e54       0x1c c:/users/guita/documents/daisytoolchain-0.3.3/windows/bin/../lib/gcc/arm-none-eabi/10.2.1/../../../../arm-none-eabi/lib/thumb/v7e-m+dp/hard\libc_nano.a(lib_a-cxa_atexit.o)
                0x08010e54                __cxa_atexit